../Core/Src/main.c:97:6:HAL_TIM_PeriodElapsedCallback	16	static
../Core/Src/main.c:108:6:microDelay	16	static
../Core/Src/main.c:113:9:DHT22_Start	32	static
../Core/Src/main.c:141:9:DHT22_Read	16	static
../Core/Src/main.c:165:6:Display_Menu	8	static
../Core/Src/main.c:186:6:Menu_Mode	16	static
../Core/Src/main.c:232:6:Read_DHT22_Update_LCD	16	static
../Core/Src/main.c:297:5:main	8	static
../Core/Src/main.c:375:6:SystemClock_Config	72	static
../Core/Src/main.c:415:13:MX_I2C1_Init	8	static
../Core/Src/main.c:449:13:MX_TIM1_Init	32	static
../Core/Src/main.c:495:13:MX_TIM2_Init	32	static
../Core/Src/main.c:540:13:MX_GPIO_Init	40	static
../Core/Src/main.c:584:6:Error_Handler	4	static,ignoring_inline_asm
