Archive member included to satisfy reference by file (symbol)

C:/ST/STM32CubeIDE_1.17.0/STM32CubeIDE/plugins/com.st.stm32cube.ide.mcu.externaltools.gnu-tools-for-stm32.12.3.rel1.win32_1.1.0.202410251130/tools/bin/../lib/gcc/arm-none-eabi/12.3.1/../../../../arm-none-eabi/lib/thumb/v7-m/nofp\libc.a(libc_a-exit.o)
                              C:/ST/STM32CubeIDE_1.17.0/STM32CubeIDE/plugins/com.st.stm32cube.ide.mcu.externaltools.gnu-tools-for-stm32.12.3.rel1.win32_1.1.0.202410251130/tools/bin/../lib/gcc/arm-none-eabi/12.3.1/../../../../arm-none-eabi/lib/thumb/v7-m/nofp/crt0.o (exit)
C:/ST/STM32CubeIDE_1.17.0/STM32CubeIDE/plugins/com.st.stm32cube.ide.mcu.externaltools.gnu-tools-for-stm32.12.3.rel1.win32_1.1.0.202410251130/tools/bin/../lib/gcc/arm-none-eabi/12.3.1/../../../../arm-none-eabi/lib/thumb/v7-m/nofp\libc.a(libc_a-findfp.o)
                              C:/ST/STM32CubeIDE_1.17.0/STM32CubeIDE/plugins/com.st.stm32cube.ide.mcu.externaltools.gnu-tools-for-stm32.12.3.rel1.win32_1.1.0.202410251130/tools/bin/../lib/gcc/arm-none-eabi/12.3.1/../../../../arm-none-eabi/lib/thumb/v7-m/nofp\libc.a(libc_a-exit.o) (__stdio_exit_handler)
C:/ST/STM32CubeIDE_1.17.0/STM32CubeIDE/plugins/com.st.stm32cube.ide.mcu.externaltools.gnu-tools-for-stm32.12.3.rel1.win32_1.1.0.202410251130/tools/bin/../lib/gcc/arm-none-eabi/12.3.1/../../../../arm-none-eabi/lib/thumb/v7-m/nofp\libc.a(libc_a-fwalk.o)
                              C:/ST/STM32CubeIDE_1.17.0/STM32CubeIDE/plugins/com.st.stm32cube.ide.mcu.externaltools.gnu-tools-for-stm32.12.3.rel1.win32_1.1.0.202410251130/tools/bin/../lib/gcc/arm-none-eabi/12.3.1/../../../../arm-none-eabi/lib/thumb/v7-m/nofp\libc.a(libc_a-findfp.o) (_fwalk_sglue)
C:/ST/STM32CubeIDE_1.17.0/STM32CubeIDE/plugins/com.st.stm32cube.ide.mcu.externaltools.gnu-tools-for-stm32.12.3.rel1.win32_1.1.0.202410251130/tools/bin/../lib/gcc/arm-none-eabi/12.3.1/../../../../arm-none-eabi/lib/thumb/v7-m/nofp\libc.a(libc_a-sprintf.o)
                              ./Core/Src/main.o (sprintf)
C:/ST/STM32CubeIDE_1.17.0/STM32CubeIDE/plugins/com.st.stm32cube.ide.mcu.externaltools.gnu-tools-for-stm32.12.3.rel1.win32_1.1.0.202410251130/tools/bin/../lib/gcc/arm-none-eabi/12.3.1/../../../../arm-none-eabi/lib/thumb/v7-m/nofp\libc.a(libc_a-stdio.o)
                              C:/ST/STM32CubeIDE_1.17.0/STM32CubeIDE/plugins/com.st.stm32cube.ide.mcu.externaltools.gnu-tools-for-stm32.12.3.rel1.win32_1.1.0.202410251130/tools/bin/../lib/gcc/arm-none-eabi/12.3.1/../../../../arm-none-eabi/lib/thumb/v7-m/nofp\libc.a(libc_a-findfp.o) (__sread)
C:/ST/STM32CubeIDE_1.17.0/STM32CubeIDE/plugins/com.st.stm32cube.ide.mcu.externaltools.gnu-tools-for-stm32.12.3.rel1.win32_1.1.0.202410251130/tools/bin/../lib/gcc/arm-none-eabi/12.3.1/../../../../arm-none-eabi/lib/thumb/v7-m/nofp\libc.a(libc_a-memset.o)
                              C:/ST/STM32CubeIDE_1.17.0/STM32CubeIDE/plugins/com.st.stm32cube.ide.mcu.externaltools.gnu-tools-for-stm32.12.3.rel1.win32_1.1.0.202410251130/tools/bin/../lib/gcc/arm-none-eabi/12.3.1/../../../../arm-none-eabi/lib/thumb/v7-m/nofp/crt0.o (memset)
C:/ST/STM32CubeIDE_1.17.0/STM32CubeIDE/plugins/com.st.stm32cube.ide.mcu.externaltools.gnu-tools-for-stm32.12.3.rel1.win32_1.1.0.202410251130/tools/bin/../lib/gcc/arm-none-eabi/12.3.1/../../../../arm-none-eabi/lib/thumb/v7-m/nofp\libc.a(libc_a-closer.o)
                              C:/ST/STM32CubeIDE_1.17.0/STM32CubeIDE/plugins/com.st.stm32cube.ide.mcu.externaltools.gnu-tools-for-stm32.12.3.rel1.win32_1.1.0.202410251130/tools/bin/../lib/gcc/arm-none-eabi/12.3.1/../../../../arm-none-eabi/lib/thumb/v7-m/nofp\libc.a(libc_a-stdio.o) (_close_r)
C:/ST/STM32CubeIDE_1.17.0/STM32CubeIDE/plugins/com.st.stm32cube.ide.mcu.externaltools.gnu-tools-for-stm32.12.3.rel1.win32_1.1.0.202410251130/tools/bin/../lib/gcc/arm-none-eabi/12.3.1/../../../../arm-none-eabi/lib/thumb/v7-m/nofp\libc.a(libc_a-reent.o)
                              C:/ST/STM32CubeIDE_1.17.0/STM32CubeIDE/plugins/com.st.stm32cube.ide.mcu.externaltools.gnu-tools-for-stm32.12.3.rel1.win32_1.1.0.202410251130/tools/bin/../lib/gcc/arm-none-eabi/12.3.1/../../../../arm-none-eabi/lib/thumb/v7-m/nofp\libc.a(libc_a-closer.o) (errno)
C:/ST/STM32CubeIDE_1.17.0/STM32CubeIDE/plugins/com.st.stm32cube.ide.mcu.externaltools.gnu-tools-for-stm32.12.3.rel1.win32_1.1.0.202410251130/tools/bin/../lib/gcc/arm-none-eabi/12.3.1/../../../../arm-none-eabi/lib/thumb/v7-m/nofp\libc.a(libc_a-impure.o)
                              C:/ST/STM32CubeIDE_1.17.0/STM32CubeIDE/plugins/com.st.stm32cube.ide.mcu.externaltools.gnu-tools-for-stm32.12.3.rel1.win32_1.1.0.202410251130/tools/bin/../lib/gcc/arm-none-eabi/12.3.1/../../../../arm-none-eabi/lib/thumb/v7-m/nofp\libc.a(libc_a-sprintf.o) (_impure_ptr)
C:/ST/STM32CubeIDE_1.17.0/STM32CubeIDE/plugins/com.st.stm32cube.ide.mcu.externaltools.gnu-tools-for-stm32.12.3.rel1.win32_1.1.0.202410251130/tools/bin/../lib/gcc/arm-none-eabi/12.3.1/../../../../arm-none-eabi/lib/thumb/v7-m/nofp\libc.a(libc_a-lseekr.o)
[...]
Memory Configuration

Name             Origin             Length             Attributes
RAM              0x20000000         0x0000c000         xrw
FLASH            0x08000000         0x00040000         xr
*default*        0x00000000         0xffffffff

Linker script and memory map

LOAD C:/ST/STM32CubeIDE_1.17.0/STM32CubeIDE/plugins/com.st.stm32cube.ide.mcu.externaltools.gnu-tools-for-stm32.12.3.rel1.win32_1.1.0.202410251130/tools/bin/../lib/gcc/arm-none-eabi/12.3.1/thumb/v7-m/nofp/crti.o
LOAD C:/ST/STM32CubeIDE_1.17.0/STM32CubeIDE/plugins/com.st.stm32cube.ide.mcu.externaltools.gnu-tools-for-stm32.12.3.rel1.win32_1.1.0.202410251130/tools/bin/../lib/gcc/arm-none-eabi/12.3.1/thumb/v7-m/nofp/crtbegin.o
LOAD C:/ST/STM32CubeIDE_1.17.0/STM32CubeIDE/plugins/com.st.stm32cube.ide.mcu.externaltools.gnu-tools-for-stm32.12.3.rel1.win32_1.1.0.202410251130/tools/bin/../lib/gcc/arm-none-eabi/12.3.1/../../../../arm-none-eabi/lib/thumb/v7-m/nofp/crt0.o
LOAD ./Core/Src/i2c-lcd.o
LOAD ./Core/Src/keyboardMatrix.o
LOAD ./Core/Src/main.o
LOAD ./Core/Src/stm32f1xx_hal_msp.o
LOAD ./Core/Src/stm32f1xx_it.o
LOAD ./Core/Src/syscalls.o
LOAD ./Core/Src/sysmem.o
LOAD ./Core/Src/system_stm32f1xx.o
LOAD ./Core/Startup/startup_stm32f103rctx.o
LOAD ./Drivers/STM32F1xx_HAL_Driver/Src/stm32f1xx_hal.o
LOAD ./Drivers/STM32F1xx_HAL_Driver/Src/stm32f1xx_hal_cortex.o
LOAD ./Drivers/STM32F1xx_HAL_Driver/Src/stm32f1xx_hal_dma.o
LOAD ./Drivers/STM32F1xx_HAL_Driver/Src/stm32f1xx_hal_exti.o
LOAD ./Drivers/STM32F1xx_HAL_Driver/Src/stm32f1xx_hal_flash.o
LOAD ./Drivers/STM32F1xx_HAL_Driver/Src/stm32f1xx_hal_flash_ex.o
LOAD ./Drivers/STM32F1xx_HAL_Driver/Src/stm32f1xx_hal_gpio.o
LOAD ./Drivers/STM32F1xx_HAL_Driver/Src/stm32f1xx_hal_gpio_ex.o
LOAD ./Drivers/STM32F1xx_HAL_Driver/Src/stm32f1xx_hal_i2c.o
LOAD ./Drivers/STM32F1xx_HAL_Driver/Src/stm32f1xx_hal_pwr.o
LOAD ./Drivers/STM32F1xx_HAL_Driver/Src/stm32f1xx_hal_rcc.o
LOAD ./Drivers/STM32F1xx_HAL_Driver/Src/stm32f1xx_hal_rcc_ex.o
LOAD ./Drivers/STM32F1xx_HAL_Driver/Src/stm32f1xx_hal_tim.o
LOAD ./Drivers/STM32F1xx_HAL_Driver/Src/stm32f1xx_hal_tim_ex.o
START GROUP
LOAD C:/ST/STM32CubeIDE_1.17.0/STM32CubeIDE/plugins/com.st.stm32cube.ide.mcu.externaltools.gnu-tools-for-stm32.12.3.rel1.win32_1.1.0.202410251130/tools/bin/../lib/gcc/arm-none-eabi/12.3.1/../../../../arm-none-eabi/lib/thumb/v7-m/nofp\libc.a
LOAD C:/ST/STM32CubeIDE_1.17.0/STM32CubeIDE/plugins/com.st.stm32cube.ide.mcu.externaltools.gnu-tools-for-stm32.12.3.rel1.win32_1.1.0.202410251130/tools/bin/../lib/gcc/arm-none-eabi/12.3.1/../../../../arm-none-eabi/lib/thumb/v7-m/nofp\libm.a
END GROUP
START GROUP
LOAD C:/ST/STM32CubeIDE_1.17.0/STM32CubeIDE/plugins/com.st.stm32cube.ide.mcu.externaltools.gnu-tools-for-stm32.12.3.rel1.win32_1.1.0.202410251130/tools/bin/../lib/gcc/arm-none-eabi/12.3.1/thumb/v7-m/nofp\libgcc.a
LOAD C:/ST/STM32CubeIDE_1.17.0/STM32CubeIDE/plugins/com.st.stm32cube.ide.mcu.externaltools.gnu-tools-for-stm32.12.3.rel1.win32_1.1.0.202410251130/tools/bin/../lib/gcc/arm-none-eabi/12.3.1/../../../../arm-none-eabi/lib/thumb/v7-m/nofp\libc.a
END GROUP
START GROUP
LOAD C:/ST/STM32CubeIDE_1.17.0/STM32CubeIDE/plugins/com.st.stm32cube.ide.mcu.externaltools.gnu-tools-for-stm32.12.3.rel1.win32_1.1.0.202410251130/tools/bin/../lib/gcc/arm-none-eabi/12.3.1/thumb/v7-m/nofp\libgcc.a
LOAD C:/ST/STM32CubeIDE_1.17.0/STM32CubeIDE/plugins/com.st.stm32cube.ide.mcu.externaltools.gnu-tools-for-stm32.12.3.rel1.win32_1.1.0.202410251130/tools/bin/../lib/gcc/arm-none-eabi/12.3.1/../../../../arm-none-eabi/lib/thumb/v7-m/nofp\libc.a
LOAD C:/ST/STM32CubeIDE_1.17.0/STM32CubeIDE/plugins/com.st.stm32cube.ide.mcu.externaltools.gnu-tools-for-stm32.12.3.rel1.win32_1.1.0.202410251130/tools/bin/../lib/gcc/arm-none-eabi/12.3.1/../../../../arm-none-eabi/lib/thumb/v7-m/nofp\libnosys.a
END GROUP
LOAD C:/ST/STM32CubeIDE_1.17.0/STM32CubeIDE/plugins/com.st.stm32cube.ide.mcu.externaltools.gnu-tools-for-stm32.12.3.rel1.win32_1.1.0.202410251130/tools/bin/../lib/gcc/arm-none-eabi/12.3.1/thumb/v7-m/nofp/crtend.o
LOAD C:/ST/STM32CubeIDE_1.17.0/STM32CubeIDE/plugins/com.st.stm32cube.ide.mcu.externaltools.gnu-tools-for-stm32.12.3.rel1.win32_1.1.0.202410251130/tools/bin/../lib/gcc/arm-none-eabi/12.3.1/thumb/v7-m/nofp/crtn.o
                0x2000c000                        _estack = (ORIGIN (RAM) + LENGTH (RAM))
                0x00000200                        _Min_Heap_Size = 0x200
                0x00000400                        _Min_Stack_Size = 0x400

.isr_vector     0x08000000      0x1e4
                0x08000000                        . = ALIGN (0x4)
 *(.isr_vector)
 .isr_vector    0x08000000      0x1e4 ./Core/Startup/startup_stm32f103rctx.o
                0x08000000                g_pfnVectors
                0x080001e4                        . = ALIGN (0x4)

.text           0x080001e8     0x92ac
                0x080001e8                        . = ALIGN (0x4)
 *(.text)
 .text          0x080001e8       0x40 C:/ST/STM32CubeIDE_1.17.0/STM32CubeIDE/plugins/com.st.stm32cube.ide.mcu.externaltools.gnu-tools-for-stm32.12.3.rel1.win32_1.1.0.202410251130/tools/bin/../lib/gcc/arm-none-eabi/12.3.1/thumb/v7-m/nofp/crtbegin.o
 .text          0x08000228       0x10 C:/ST/STM32CubeIDE_1.17.0/STM32CubeIDE/plugins/com.st.stm32cube.ide.mcu.externaltools.gnu-tools-for-stm32.12.3.rel1.win32_1.1.0.202410251130/tools/bin/../lib/gcc/arm-none-eabi/12.3.1/../../../../arm-none-eabi/lib/thumb/v7-m/nofp\libc.a(libc_a-strlen.o)
                0x08000228                strlen
 .text          0x08000238      0x378 C:/ST/STM32CubeIDE_1.17.0/STM32CubeIDE/plugins/com.st.stm32cube.ide.mcu.externaltools.gnu-tools-for-stm32.12.3.rel1.win32_1.1.0.202410251130/tools/bin/../lib/gcc/arm-none-eabi/12.3.1/thumb/v7-m/nofp\libgcc.a(_arm_addsubdf3.o)
                0x08000238                __aeabi_drsub
                0x08000240                __aeabi_dsub
                0x08000240                __subdf3
                0x08000244                __aeabi_dadd
                0x08000244                __adddf3
                0x080004bc                __floatunsidf
                0x080004bc                __aeabi_ui2d
                0x080004dc                __floatsidf
                0x080004dc                __aeabi_i2d
                0x08000500                __aeabi_f2d
                0x08000500                __extendsfdf2
                0x08000544                __floatundidf
                0x08000544                __aeabi_ul2d
                0x08000554                __floatdidf
                0x08000554                __aeabi_l2d
 .text          0x080005b0      0x424 C:/ST/STM32CubeIDE_1.17.0/STM32CubeIDE/plugins/com.st.stm32cube.ide.mcu.externaltools.gnu-tools-for-stm32.12.3.rel1.win32_1.1.0.202410251130/tools/bin/../lib/gcc/arm-none-eabi/12.3.1/thumb/v7-m/nofp\libgcc.a(_arm_muldivdf3.o)
                0x080005b0                __aeabi_dmul
                0x080005b0                __muldf3
                0x08000804                __divdf3
                0x08000804                __aeabi_ddiv
 .text          0x080009d4      0x110 C:/ST/STM32CubeIDE_1.17.0/STM32CubeIDE/plugins/com.st.stm32cube.ide.mcu.externaltools.gnu-tools-for-stm32.12.3.rel1.win32_1.1.0.202410251130/tools/bin/../lib/gcc/arm-none-eabi/12.3.1/thumb/v7-m/nofp\libgcc.a(_arm_cmpdf2.o)
                0x080009d4                __gtdf2
                0x080009d4                __gedf2
                0x080009dc                __ltdf2
                0x080009dc                __ledf2
                0x080009e4                __nedf2
                0x080009e4                __eqdf2
                0x080009e4                __cmpdf2
                0x08000a60                __aeabi_cdrcmple
                0x08000a70                __aeabi_cdcmpeq
                0x08000a70                __aeabi_cdcmple
                0x08000a80                __aeabi_dcmpeq
                0x08000a94                __aeabi_dcmplt
                0x08000aa8                __aeabi_dcmple
                0x08000abc                __aeabi_dcmpge
                0x08000ad0                __aeabi_dcmpgt
 .text          0x08000ae4       0x2c C:/ST/STM32CubeIDE_1.17.0/STM32CubeIDE/plugins/com.st.stm32cube.ide.mcu.externaltools.gnu-tools-for-stm32.12.3.rel1.win32_1.1.0.202410251130/tools/bin/../lib/gcc/arm-none-eabi/12.3.1/thumb/v7-m/nofp\libgcc.a(_arm_unorddf2.o)
                0x08000ae4                __unorddf2
                0x08000ae4                __aeabi_dcmpun
 .text          0x08000b10       0x50 C:/ST/STM32CubeIDE_1.17.0/STM32CubeIDE/plugins/com.st.stm32cube.ide.mcu.externaltools.gnu-tools-for-stm32.12.3.rel1.win32_1.1.0.202410251130/tools/bin/../lib/gcc/arm-none-eabi/12.3.1/thumb/v7-m/nofp\libgcc.a(_arm_fixdfsi.o)
                0x08000b10                __aeabi_d2iz
                0x08000b10                __fixdfsi
 .text          0x08000b60      0x21c C:/ST/STM32CubeIDE_1.17.0/STM32CubeIDE/plugins/com.st.stm32cube.ide.mcu.externaltools.gnu-tools-for-stm32.12.3.rel1.win32_1.1.0.202410251130/tools/bin/../lib/gcc/arm-none-eabi/12.3.1/thumb/v7-m/nofp\libgcc.a(_arm_addsubsf3.o)
                0x08000b60                __aeabi_frsub
                0x08000b68                __subsf3
                0x08000b68                __aeabi_fsub
                0x08000b6c                __aeabi_fadd
                0x08000b6c                __addsf3
                0x08000ccc                __aeabi_ui2f
                0x08000ccc                __floatunsisf
                0x08000cd4                __aeabi_i2f
                0x08000cd4                __floatsisf
                0x08000cf0                __aeabi_ul2f
                0x08000cf0                __floatundisf
                0x08000d00                __aeabi_l2f
                0x08000d00                __floatdisf
 .text          0x08000d7c      0x2a0 C:/ST/STM32CubeIDE_1.17.0/STM32CubeIDE/plugins/com.st.stm32cube.ide.mcu.externaltools.gnu-tools-for-stm32.12.3.rel1.win32_1.1.0.202410251130/tools/bin/../lib/gcc/arm-none-eabi/12.3.1/thumb/v7-m/nofp\libgcc.a(_arm_muldivsf3.o)
                0x08000d7c                __mulsf3
                0x08000d7c                __aeabi_fmul
                0x08000ee4                __aeabi_fdiv
                0x08000ee4                __divsf3
 .text          0x0800101c       0xec C:/ST/STM32CubeIDE_1.17.0/STM32CubeIDE/plugins/com.st.stm32cube.ide.mcu.externaltools.gnu-tools-for-stm32.12.3.rel1.win32_1.1.0.202410251130/tools/bin/../lib/gcc/arm-none-eabi/12.3.1/thumb/v7-m/nofp\libgcc.a(_arm_cmpsf2.o)
                0x0800101c                __gesf2
                0x0800101c                __gtsf2
                0x08001024                __lesf2
                0x08001024                __ltsf2
                0x0800102c                __nesf2
                0x0800102c                __eqsf2
                0x0800102c                __cmpsf2
                0x0800108c                __aeabi_cfrcmple
                0x08001094                __aeabi_cfcmpeq
                0x08001094                __aeabi_cfcmple
                0x080010a4                __aeabi_fcmpeq
                0x080010b8                __aeabi_fcmplt
                0x080010cc                __aeabi_fcmple
                0x080010e0                __aeabi_fcmpge
                0x080010f4                __aeabi_fcmpgt
 .text          0x08001108       0x40 C:/ST/STM32CubeIDE_1.17.0/STM32CubeIDE/plugins/com.st.stm32cube.ide.mcu.externaltools.gnu-tools-for-stm32.12.3.rel1.win32_1.1.0.202410251130/tools/bin/../lib/gcc/arm-none-eabi/12.3.1/thumb/v7-m/nofp\libgcc.a(_arm_fixunssfsi.o)
                0x08001108                __fixunssfsi
                0x08001108                __aeabi_f2uiz
 .text          0x08001148       0x30 C:/ST/STM32CubeIDE_1.17.0/STM32CubeIDE/plugins/com.st.stm32cube.ide.mcu.externaltools.gnu-tools-for-stm32.12.3.rel1.win32_1.1.0.202410251130/tools/bin/../lib/gcc/arm-none-eabi/12.3.1/thumb/v7-m/nofp\libgcc.a(_aeabi_uldivmod.o)
                0x08001148                __aeabi_uldivmod
 .text          0x08001178      0x2b8 C:/ST/STM32CubeIDE_1.17.0/STM32CubeIDE/plugins/com.st.stm32cube.ide.mcu.externaltools.gnu-tools-for-stm32.12.3.rel1.win32_1.1.0.202410251130/tools/bin/../lib/gcc/arm-none-eabi/12.3.1/thumb/v7-m/nofp\libgcc.a(_udivmoddi4.o)
                0x08001178                __udivmoddi4
 .text          0x08001430        0x4 C:/ST/STM32CubeIDE_1.17.0/STM32CubeIDE/plugins/com.st.stm32cube.ide.mcu.externaltools.gnu-tools-for-stm32.12.3.rel1.win32_1.1.0.202410251130/tools/bin/../lib/gcc/arm-none-eabi/12.3.1/thumb/v7-m/nofp\libgcc.a(_dvmd_tls.o)
                0x08001430                __aeabi_idiv0
                0x08001430                __aeabi_ldiv0
 *(.text*)
 .text.lcd_send_cmd
                0x08001434       0x60 ./Core/Src/i2c-lcd.o
                0x08001434                lcd_send_cmd
 .text.lcd_send_data
                0x08001494       0x60 ./Core/Src/i2c-lcd.o
                0x08001494                lcd_send_data
 .text.lcd_clear
                0x080014f4       0x2e ./Core/Src/i2c-lcd.o
                0x080014f4                lcd_clear
 .text.lcd_put_cur
                0x08001522       0x3e ./Core/Src/i2c-lcd.o
                0x08001522                lcd_put_cur
 .text.lcd_init
                0x08001560       0x7a ./Core/Src/i2c-lcd.o
                0x08001560                lcd_init
 .text.lcd_send_string
                0x080015da       0x2a ./Core/Src/i2c-lcd.o
                0x080015da                lcd_send_string
 .text.keyboardInit
                0x08001604       0xfc ./Core/Src/keyboardMatrix.o
                0x08001604                keyboardInit
 .text.getKeyPressed
                0x08001700       0xd0 ./Core/Src/keyboardMatrix.o
                0x08001700                getKeyPressed
 .text.WriteRowBits
                0x080017d0       0x50 ./Core/Src/keyboardMatrix.o
 .text.ReadColumnsBits
                0x08001820       0x50 ./Core/Src/keyboardMatrix.o
 .text.HAL_TIM_PeriodElapsedCallback
                0x08001870       0x54 ./Core/Src/main.o
                0x08001870                HAL_TIM_PeriodElapsedCallback
 .text.microDelay
                0x080018c4       0x30 ./Core/Src/main.o
                0x080018c4                microDelay
 .text.DHT22_Start
                0x080018f4       0xf0 ./Core/Src/main.o
                0x080018f4                DHT22_Start
 .text.DHT22_Read
                0x080019e4       0xf8 ./Core/Src/main.o
                0x080019e4                DHT22_Read
 .text.Display_Menu
                0x08001adc       0xa8 ./Core/Src/main.o
                0x08001adc                Display_Menu
 .text.Menu_Mode
                0x08001b84      0x230 ./Core/Src/main.o
                0x08001b84                Menu_Mode
 .text.Read_DHT22_Update_LCD
                0x08001db4      0x420 ./Core/Src/main.o
                0x08001db4                Read_DHT22_Update_LCD
 .text.main     0x080021d4      0x110 ./Core/Src/main.o
                0x080021d4                main
 .text.SystemClock_Config
                0x080022e4       0x8a ./Core/Src/main.o
                0x080022e4                SystemClock_Config
 *fill*         0x0800236e        0x2 
 .text.MX_I2C1_Init
                0x08002370       0x5c ./Core/Src/main.o
 .text.MX_TIM1_Init
                0x080023cc       0xa4 ./Core/Src/main.o
 .text.MX_TIM2_Init
                0x08002470       0x98 ./Core/Src/main.o
 .text.MX_GPIO_Init
                0x08002508       0xd4 ./Core/Src/main.o
 .text.Error_Handler
                0x080025dc        0xc ./Core/Src/main.o
                0x080025dc                Error_Handler
 .text.HAL_MspInit
                0x080025e8       0x64 ./Core/Src/stm32f1xx_hal_msp.o
                0x080025e8                HAL_MspInit
 .text.HAL_I2C_MspInit
                0x0800264c       0x7c ./Core/Src/stm32f1xx_hal_msp.o
                0x0800264c                HAL_I2C_MspInit
 .text.HAL_TIM_Base_MspInit
                0x080026c8       0x70 ./Core/Src/stm32f1xx_hal_msp.o
                0x080026c8                HAL_TIM_Base_MspInit
 .text.NMI_Handler
                0x08002738        0x8 ./Core/Src/stm32f1xx_it.o
                0x08002738                NMI_Handler
 .text.HardFault_Handler
                0x08002740        0x8 ./Core/Src/stm32f1xx_it.o
                0x08002740                HardFault_Handler
 .text.MemManage_Handler
                0x08002748        0x8 ./Core/Src/stm32f1xx_it.o
                0x08002748                MemManage_Handler
 .text.BusFault_Handler
                0x08002750        0x8 ./Core/Src/stm32f1xx_it.o
                0x08002750                BusFault_Handler
 .text.UsageFault_Handler
                0x08002758        0x8 ./Core/Src/stm32f1xx_it.o
                0x08002758                UsageFault_Handler
 .text.SVC_Handler
                0x08002760        0xc ./Core/Src/stm32f1xx_it.o
                0x08002760                SVC_Handler
 .text.DebugMon_Handler
                0x0800276c        0xc ./Core/Src/stm32f1xx_it.o
                0x0800276c                DebugMon_Handler
 .text.PendSV_Handler
                0x08002778        0xc ./Core/Src/stm32f1xx_it.o
                0x08002778                PendSV_Handler
 .text.SysTick_Handler
                0x08002784        0xc ./Core/Src/stm32f1xx_it.o
                0x08002784                SysTick_Handler
 .text.TIM1_UP_IRQHandler
                0x08002790       0x14 ./Core/Src/stm32f1xx_it.o
                0x08002790                TIM1_UP_IRQHandler
 .text._getpid  0x080027a4        0xe ./Core/Src/syscalls.o
                0x080027a4                _getpid
 .text._kill    0x080027b2       0x20 ./Core/Src/syscalls.o
                0x080027b2                _kill
 .text._exit    0x080027d2       0x16 ./Core/Src/syscalls.o
                0x080027d2                _exit
 .text._read    0x080027e8       0x3a ./Core/Src/syscalls.o
                0x080027e8                _read
 .text._write   0x08002822       0x38 ./Core/Src/syscalls.o
                0x08002822                _write
 .text._close   0x0800285a       0x16 ./Core/Src/syscalls.o
                0x0800285a                _close
 .text._fstat   0x08002870       0x1e ./Core/Src/syscalls.o
                0x08002870                _fstat
 .text._isatty  0x0800288e       0x14 ./Core/Src/syscalls.o
                0x0800288e                _isatty
 .text._lseek   0x080028a2       0x18 ./Core/Src/syscalls.o
                0x080028a2                _lseek
 *fill*         0x080028ba        0x2 
 .text._sbrk    0x080028bc       0x6c ./Core/Src/sysmem.o
                0x080028bc                _sbrk
 .text.SystemInit
                0x08002928        0xc ./Core/Src/system_stm32f1xx.o
                0x08002928                SystemInit
 .text.Reset_Handler
                0x08002934       0x48 ./Core/Startup/startup_stm32f103rctx.o
                0x08002934                Reset_Handler
 .text.Default_Handler
                0x0800297c        0x2 ./Core/Startup/startup_stm32f103rctx.o
                0x0800297c                RTC_Alarm_IRQHandler
                0x0800297c                EXTI2_IRQHandler
                0x0800297c                TIM8_TRG_COM_IRQHandler
                0x0800297c                TIM8_CC_IRQHandler
                0x0800297c                TIM1_CC_IRQHandler
                0x0800297c                TIM6_IRQHandler
                0x0800297c                PVD_IRQHandler
                0x0800297c                SDIO_IRQHandler
                0x0800297c                EXTI3_IRQHandler
                0x0800297c                EXTI0_IRQHandler
                0x0800297c                I2C2_EV_IRQHandler
                0x0800297c                ADC1_2_IRQHandler
                0x0800297c                SPI1_IRQHandler
                0x0800297c                TAMPER_IRQHandler
                0x0800297c                TIM8_UP_IRQHandler
                0x0800297c                DMA2_Channel2_IRQHandler
                0x0800297c                DMA1_Channel4_IRQHandler
                0x0800297c                USART3_IRQHandler
                0x0800297c                RTC_IRQHandler
                0x0800297c                DMA1_Channel7_IRQHandler
                0x0800297c                CAN1_RX1_IRQHandler
                0x0800297c                UART5_IRQHandler
                0x0800297c                ADC3_IRQHandler
                0x0800297c                TIM4_IRQHandler
                0x0800297c                DMA2_Channel1_IRQHandler
                0x0800297c                I2C1_EV_IRQHandler
                0x0800297c                DMA1_Channel6_IRQHandler
                0x0800297c                UART4_IRQHandler
                0x0800297c                TIM3_IRQHandler
                0x0800297c                RCC_IRQHandler
                0x0800297c                TIM1_TRG_COM_IRQHandler
                0x0800297c                DMA1_Channel1_IRQHandler
                0x0800297c                Default_Handler
                0x0800297c                EXTI15_10_IRQHandler
                0x0800297c                TIM7_IRQHandler
                0x0800297c                TIM5_IRQHandler
                0x0800297c                EXTI9_5_IRQHandler
                0x0800297c                SPI2_IRQHandler
                0x0800297c                DMA1_Channel5_IRQHandler
                0x0800297c                EXTI4_IRQHandler
                0x0800297c                USB_LP_CAN1_RX0_IRQHandler
                0x0800297c                USB_HP_CAN1_TX_IRQHandler
                0x0800297c                DMA1_Channel3_IRQHandler
                0x0800297c                FSMC_IRQHandler
                0x0800297c                WWDG_IRQHandler
                0x0800297c                TIM2_IRQHandler
                0x0800297c                TIM1_BRK_IRQHandler
                0x0800297c                EXTI1_IRQHandler
                0x0800297c                DMA2_Channel4_5_IRQHandler
                0x0800297c                USART2_IRQHandler
                0x0800297c                I2C2_ER_IRQHandler
                0x0800297c                DMA1_Channel2_IRQHandler
                0x0800297c                TIM8_BRK_IRQHandler
                0x0800297c                CAN1_SCE_IRQHandler
                0x0800297c                FLASH_IRQHandler
                0x0800297c                USART1_IRQHandler
                0x0800297c                SPI3_IRQHandler
                0x0800297c                I2C1_ER_IRQHandler
                0x0800297c                USBWakeUp_IRQHandler
                0x0800297c                DMA2_Channel3_IRQHandler
 *fill*         0x0800297e        0x2 
 .text.HAL_Init
                0x08002980       0x2c ./Drivers/STM32F1xx_HAL_Driver/Src/stm32f1xx_hal.o
                0x08002980                HAL_Init
 .text.HAL_InitTick
                0x080029ac       0x60 ./Drivers/STM32F1xx_HAL_Driver/Src/stm32f1xx_hal.o
                0x080029ac                HAL_InitTick
 .text.HAL_IncTick
                0x08002a0c       0x24 ./Drivers/STM32F1xx_HAL_Driver/Src/stm32f1xx_hal.o
                0x08002a0c                HAL_IncTick
 .text.HAL_GetTick
                0x08002a30       0x14 ./Drivers/STM32F1xx_HAL_Driver/Src/stm32f1xx_hal.o
                0x08002a30                HAL_GetTick
 .text.HAL_Delay
                0x08002a44       0x48 ./Drivers/STM32F1xx_HAL_Driver/Src/stm32f1xx_hal.o
                0x08002a44                HAL_Delay
 .text.__NVIC_SetPriorityGrouping
                0x08002a8c       0x48 ./Drivers/STM32F1xx_HAL_Driver/Src/stm32f1xx_hal_cortex.o
 .text.__NVIC_GetPriorityGrouping
                0x08002ad4       0x1c ./Drivers/STM32F1xx_HAL_Driver/Src/stm32f1xx_hal_cortex.o
 .text.__NVIC_EnableIRQ
                0x08002af0       0x38 ./Drivers/STM32F1xx_HAL_Driver/Src/stm32f1xx_hal_cortex.o
 .text.__NVIC_SetPriority
                0x08002b28       0x54 ./Drivers/STM32F1xx_HAL_Driver/Src/stm32f1xx_hal_cortex.o
 .text.NVIC_EncodePriority
                0x08002b7c       0x64 ./Drivers/STM32F1xx_HAL_Driver/Src/stm32f1xx_hal_cortex.o
 .text.SysTick_Config
                0x08002be0       0x44 ./Drivers/STM32F1xx_HAL_Driver/Src/stm32f1xx_hal_cortex.o
 .text.HAL_NVIC_SetPriorityGrouping
                0x08002c24       0x16 ./Drivers/STM32F1xx_HAL_Driver/Src/stm32f1xx_hal_cortex.o
                0x08002c24                HAL_NVIC_SetPriorityGrouping
 .text.HAL_NVIC_SetPriority
                0x08002c3a       0x38 ./Drivers/STM32F1xx_HAL_Driver/Src/stm32f1xx_hal_cortex.o
                0x08002c3a                HAL_NVIC_SetPriority
 .text.HAL_NVIC_EnableIRQ
                0x08002c72       0x1c ./Drivers/STM32F1xx_HAL_Driver/Src/stm32f1xx_hal_cortex.o
                0x08002c72                HAL_NVIC_EnableIRQ
 .text.HAL_SYSTICK_Config
                0x08002c8e       0x18 ./Drivers/STM32F1xx_HAL_Driver/Src/stm32f1xx_hal_cortex.o
                0x08002c8e                HAL_SYSTICK_Config
 *fill*         0x08002ca6        0x2 
 .text.HAL_GPIO_Init
                0x08002ca8      0x328 ./Drivers/STM32F1xx_HAL_Driver/Src/stm32f1xx_hal_gpio.o
                0x08002ca8                HAL_GPIO_Init
 .text.HAL_GPIO_ReadPin
                0x08002fd0       0x2e ./Drivers/STM32F1xx_HAL_Driver/Src/stm32f1xx_hal_gpio.o
                0x08002fd0                HAL_GPIO_ReadPin
 .text.HAL_GPIO_WritePin
                0x08002ffe       0x30 ./Drivers/STM32F1xx_HAL_Driver/Src/stm32f1xx_hal_gpio.o
                0x08002ffe                HAL_GPIO_WritePin
 *fill*         0x0800302e        0x2 
 .text.HAL_I2C_Init
                0x08003030      0x288 ./Drivers/STM32F1xx_HAL_Driver/Src/stm32f1xx_hal_i2c.o
                0x08003030                HAL_I2C_Init
 .text.HAL_I2C_Master_Transmit
                0x080032b8      0x1fc ./Drivers/STM32F1xx_HAL_Driver/Src/stm32f1xx_hal_i2c.o
                0x080032b8                HAL_I2C_Master_Transmit
 .text.I2C_MasterRequestWrite
                0x080034b4      0x104 ./Drivers/STM32F1xx_HAL_Driver/Src/stm32f1xx_hal_i2c.o
 .text.I2C_WaitOnFlagUntilTimeout
                0x080035b8       0xf4 ./Drivers/STM32F1xx_HAL_Driver/Src/stm32f1xx_hal_i2c.o
 .text.I2C_WaitOnMasterAddressFlagUntilTimeout
                0x080036ac      0x140 ./Drivers/STM32F1xx_HAL_Driver/Src/stm32f1xx_hal_i2c.o
 .text.I2C_WaitOnTXEFlagUntilTimeout
                0x080037ec       0x90 ./Drivers/STM32F1xx_HAL_Driver/Src/stm32f1xx_hal_i2c.o
 .text.I2C_WaitOnBTFFlagUntilTimeout
                0x0800387c       0x90 ./Drivers/STM32F1xx_HAL_Driver/Src/stm32f1xx_hal_i2c.o
 .text.I2C_IsAcknowledgeFailed
                0x0800390c       0x5c ./Drivers/STM32F1xx_HAL_Driver/Src/stm32f1xx_hal_i2c.o
 .text.HAL_RCC_OscConfig
                0x08003968      0x504 ./Drivers/STM32F1xx_HAL_Driver/Src/stm32f1xx_hal_rcc.o
                0x08003968                HAL_RCC_OscConfig
 .text.HAL_RCC_ClockConfig
                0x08003e6c      0x1d4 ./Drivers/STM32F1xx_HAL_Driver/Src/stm32f1xx_hal_rcc.o
                0x08003e6c                HAL_RCC_ClockConfig
 .text.HAL_RCC_GetSysClockFreq
                0x08004040       0xa8 ./Drivers/STM32F1xx_HAL_Driver/Src/stm32f1xx_hal_rcc.o
                0x08004040                HAL_RCC_GetSysClockFreq
 .text.HAL_RCC_GetHCLKFreq
                0x080040e8       0x14 ./Drivers/STM32F1xx_HAL_Driver/Src/stm32f1xx_hal_rcc.o
                0x080040e8                HAL_RCC_GetHCLKFreq
 .text.HAL_RCC_GetPCLK1Freq
                0x080040fc       0x28 ./Drivers/STM32F1xx_HAL_Driver/Src/stm32f1xx_hal_rcc.o
                0x080040fc                HAL_RCC_GetPCLK1Freq
 .text.RCC_Delay
                0x08004124       0x3c ./Drivers/STM32F1xx_HAL_Driver/Src/stm32f1xx_hal_rcc.o
 .text.HAL_TIM_Base_Init
                0x08004160       0x9e ./Drivers/STM32F1xx_HAL_Driver/Src/stm32f1xx_hal_tim.o
                0x08004160                HAL_TIM_Base_Init
 *fill*         0x080041fe        0x2 
 .text.HAL_TIM_Base_Start
                0x08004200       0xb0 ./Drivers/STM32F1xx_HAL_Driver/Src/stm32f1xx_hal_tim.o
                0x08004200                HAL_TIM_Base_Start
 .text.HAL_TIM_Base_Start_IT
                0x080042b0       0xc0 ./Drivers/STM32F1xx_HAL_Driver/Src/stm32f1xx_hal_tim.o
                0x080042b0                HAL_TIM_Base_Start_IT
 .text.HAL_TIM_IRQHandler
                0x08004370      0x1e0 ./Drivers/STM32F1xx_HAL_Driver/Src/stm32f1xx_hal_tim.o
                0x08004370                HAL_TIM_IRQHandler
 .text.HAL_TIM_ConfigClockSource
                0x08004550      0x18e ./Drivers/STM32F1xx_HAL_Driver/Src/stm32f1xx_hal_tim.o
                0x08004550                HAL_TIM_ConfigClockSource
 .text.HAL_TIM_OC_DelayElapsedCallback
                0x080046de       0x12 ./Drivers/STM32F1xx_HAL_Driver/Src/stm32f1xx_hal_tim.o
                0x080046de                HAL_TIM_OC_DelayElapsedCallback
 .text.HAL_TIM_IC_CaptureCallback
                0x080046f0       0x12 ./Drivers/STM32F1xx_HAL_Driver/Src/stm32f1xx_hal_tim.o
                0x080046f0                HAL_TIM_IC_CaptureCallback
 .text.HAL_TIM_PWM_PulseFinishedCallback
                0x08004702       0x12 ./Drivers/STM32F1xx_HAL_Driver/Src/stm32f1xx_hal_tim.o
                0x08004702                HAL_TIM_PWM_PulseFinishedCallback
 .text.HAL_TIM_TriggerCallback
                0x08004714       0x12 ./Drivers/STM32F1xx_HAL_Driver/Src/stm32f1xx_hal_tim.o
                0x08004714                HAL_TIM_TriggerCallback
 *fill*         0x08004726        0x2 
 .text.TIM_Base_SetConfig
                0x08004728      0x10c ./Drivers/STM32F1xx_HAL_Driver/Src/stm32f1xx_hal_tim.o
                0x08004728                TIM_Base_SetConfig
 .text.TIM_TI1_ConfigInputStage
                0x08004834       0x5c ./Drivers/STM32F1xx_HAL_Driver/Src/stm32f1xx_hal_tim.o
 .text.TIM_TI2_ConfigInputStage
                0x08004890       0x5e ./Drivers/STM32F1xx_HAL_Driver/Src/stm32f1xx_hal_tim.o
 .text.TIM_ITRx_SetConfig
                0x080048ee       0x34 ./Drivers/STM32F1xx_HAL_Driver/Src/stm32f1xx_hal_tim.o
 .text.TIM_ETR_SetConfig
                0x08004922       0x3e ./Drivers/STM32F1xx_HAL_Driver/Src/stm32f1xx_hal_tim.o
                0x08004922                TIM_ETR_SetConfig
 .text.HAL_TIMEx_MasterConfigSynchronization
                0x08004960       0xd8 ./Drivers/STM32F1xx_HAL_Driver/Src/stm32f1xx_hal_tim_ex.o
                0x08004960                HAL_TIMEx_MasterConfigSynchronization
 .text.HAL_TIMEx_CommutCallback
                0x08004a38       0x12 ./Drivers/STM32F1xx_HAL_Driver/Src/stm32f1xx_hal_tim_ex.o
                0x08004a38                HAL_TIMEx_CommutCallback
 .text.HAL_TIMEx_BreakCallback
                0x08004a4a       0x12 ./Drivers/STM32F1xx_HAL_Driver/Src/stm32f1xx_hal_tim_ex.o
                0x08004a4a                HAL_TIMEx_BreakCallback
 .text.std      0x08004a5c       0x6c C:/ST/STM32CubeIDE_1.17.0/STM32CubeIDE/plugins/com.st.stm32cube.ide.mcu.externaltools.gnu-tools-for-stm32.12.3.rel1.win32_1.1.0.202410251130/tools/bin/../lib/gcc/arm-none-eabi/12.3.1/../../../../arm-none-eabi/lib/thumb/v7-m/nofp\libc.a(libc_a-findfp.o)
 .text.stdio_exit_handler
                0x08004ac8       0x18 C:/ST/STM32CubeIDE_1.17.0/STM32CubeIDE/plugins/com.st.stm32cube.ide.mcu.externaltools.gnu-tools-for-stm32.12.3.rel1.win32_1.1.0.202410251130/tools/bin/../lib/gcc/arm-none-eabi/12.3.1/../../../../arm-none-eabi/lib/thumb/v7-m/nofp\libc.a(libc_a-findfp.o)
 .text.cleanup_stdio
                0x08004ae0       0x40 C:/ST/STM32CubeIDE_1.17.0/STM32CubeIDE/plugins/com.st.stm32cube.ide.mcu.externaltools.gnu-tools-for-stm32.12.3.rel1.win32_1.1.0.202410251130/tools/bin/../lib/gcc/arm-none-eabi/12.3.1/../../../../arm-none-eabi/lib/thumb/v7-m/nofp\libc.a(libc_a-findfp.o)
 .text.global_stdio_init.part.0
                0x08004b20       0x3c C:/ST/STM32CubeIDE_1.17.0/STM32CubeIDE/plugins/com.st.stm32cube.ide.mcu.externaltools.gnu-tools-for-stm32.12.3.rel1.win32_1.1.0.202410251130/tools/bin/../lib/gcc/arm-none-eabi/12.3.1/../../../../arm-none-eabi/lib/thumb/v7-m/nofp\libc.a(libc_a-findfp.o)
 .text.__sfp_lock_acquire
                0x08004b5c        0xc C:/ST/STM32CubeIDE_1.17.0/STM32CubeIDE/plugins/com.st.stm32cube.ide.mcu.externaltools.gnu-tools-for-stm32.12.3.rel1.win32_1.1.0.202410251130/tools/bin/../lib/gcc/arm-none-eabi/12.3.1/../../../../arm-none-eabi/lib/thumb/v7-m/nofp\libc.a(libc_a-findfp.o)
                0x08004b5c                __sfp_lock_acquire
 .text.__sfp_lock_release
                0x08004b68        0xc C:/ST/STM32CubeIDE_1.17.0/STM32CubeIDE/plugins/com.st.stm32cube.ide.mcu.externaltools.gnu-tools-for-stm32.12.3.rel1.win32_1.1.0.202410251130/tools/bin/../lib/gcc/arm-none-eabi/12.3.1/../../../../arm-none-eabi/lib/thumb/v7-m/nofp\libc.a(libc_a-findfp.o)
                0x08004b68                __sfp_lock_release
 .text.__sinit  0x08004b74       0x30 C:/ST/STM32CubeIDE_1.17.0/STM32CubeIDE/plugins/com.st.stm32cube.ide.mcu.externaltools.gnu-tools-for-stm32.12.3.rel1.win32_1.1.0.202410251130/tools/bin/../lib/gcc/arm-none-eabi/12.3.1/../../../../arm-none-eabi/lib/thumb/v7-m/nofp\libc.a(libc_a-findfp.o)
                0x08004b74                __sinit
 .text._fwalk_sglue
                0x08004ba4       0x3c C:/ST/STM32CubeIDE_1.17.0/STM32CubeIDE/plugins/com.st.stm32cube.ide.mcu.externaltools.gnu-tools-for-stm32.12.3.rel1.win32_1.1.0.202410251130/tools/bin/../lib/gcc/arm-none-eabi/12.3.1/../../../../arm-none-eabi/lib/thumb/v7-m/nofp\libc.a(libc_a-fwalk.o)
                0x08004ba4                _fwalk_sglue
 .text.sprintf  0x08004be0       0x40 C:/ST/STM32CubeIDE_1.17.0/STM32CubeIDE/plugins/com.st.stm32cube.ide.mcu.externaltools.gnu-tools-for-stm32.12.3.rel1.win32_1.1.0.202410251130/tools/bin/../lib/gcc/arm-none-eabi/12.3.1/../../../../arm-none-eabi/lib/thumb/v7-m/nofp\libc.a(libc_a-sprintf.o)
                0x08004be0                sprintf
 .text.__sread  0x08004c20       0x22 C:/ST/STM32CubeIDE_1.17.0/STM32CubeIDE/plugins/com.st.stm32cube.ide.mcu.externaltools.gnu-tools-for-stm32.12.3.rel1.win32_1.1.0.202410251130/tools/bin/../lib/gcc/arm-none-eabi/12.3.1/../../../../arm-none-eabi/lib/thumb/v7-m/nofp\libc.a(libc_a-stdio.o)
                0x08004c20                __sread
 .text.__swrite
                0x08004c42       0x38 C:/ST/STM32CubeIDE_1.17.0/STM32CubeIDE/plugins/com.st.stm32cube.ide.mcu.externaltools.gnu-tools-for-stm32.12.3.rel1.win32_1.1.0.202410251130/tools/bin/../lib/gcc/arm-none-eabi/12.3.1/../../../../arm-none-eabi/lib/thumb/v7-m/nofp\libc.a(libc_a-stdio.o)
                0x08004c42                __swrite
 .text.__sseek  0x08004c7a       0x24 C:/ST/STM32CubeIDE_1.17.0/STM32CubeIDE/plugins/com.st.stm32cube.ide.mcu.externaltools.gnu-tools-for-stm32.12.3.rel1.win32_1.1.0.202410251130/tools/bin/../lib/gcc/arm-none-eabi/12.3.1/../../../../arm-none-eabi/lib/thumb/v7-m/nofp\libc.a(libc_a-stdio.o)
                0x08004c7a                __sseek
 .text.__sclose
                0x08004c9e        0x8 C:/ST/STM32CubeIDE_1.17.0/STM32CubeIDE/plugins/com.st.stm32cube.ide.mcu.externaltools.gnu-tools-for-stm32.12.3.rel1.win32_1.1.0.202410251130/tools/bin/../lib/gcc/arm-none-eabi/12.3.1/../../../../arm-none-eabi/lib/thumb/v7-m/nofp\libc.a(libc_a-stdio.o)
                0x08004c9e                __sclose
 .text.memset   0x08004ca6       0x10 C:/ST/STM32CubeIDE_1.17.0/STM32CubeIDE/plugins/com.st.stm32cube.ide.mcu.externaltools.gnu-tools-for-stm32.12.3.rel1.win32_1.1.0.202410251130/tools/bin/../lib/gcc/arm-none-eabi/12.3.1/../../../../arm-none-eabi/lib/thumb/v7-m/nofp\libc.a(libc_a-memset.o)
                0x08004ca6                memset
 *fill*         0x08004cb6        0x2 
 .text._close_r
                0x08004cb8       0x20 C:/ST/STM32CubeIDE_1.17.0/STM32CubeIDE/plugins/com.st.stm32cube.ide.mcu.externaltools.gnu-tools-for-stm32.12.3.rel1.win32_1.1.0.202410251130/tools/bin/../lib/gcc/arm-none-eabi/12.3.1/../../../../arm-none-eabi/lib/thumb/v7-m/nofp\libc.a(libc_a-closer.o)
                0x08004cb8                _close_r
 .text._lseek_r
                0x08004cd8       0x24 C:/ST/STM32CubeIDE_1.17.0/STM32CubeIDE/plugins/com.st.stm32cube.ide.mcu.externaltools.gnu-tools-for-stm32.12.3.rel1.win32_1.1.0.202410251130/tools/bin/../lib/gcc/arm-none-eabi/12.3.1/../../../../arm-none-eabi/lib/thumb/v7-m/nofp\libc.a(libc_a-lseekr.o)
                0x08004cd8                _lseek_r
 .text._read_r  0x08004cfc       0x24 C:/ST/STM32CubeIDE_1.17.0/STM32CubeIDE/plugins/com.st.stm32cube.ide.mcu.externaltools.gnu-tools-for-stm32.12.3.rel1.win32_1.1.0.202410251130/tools/bin/../lib/gcc/arm-none-eabi/12.3.1/../../../../arm-none-eabi/lib/thumb/v7-m/nofp\libc.a(libc_a-readr.o)
                0x08004cfc                _read_r
 .text._write_r
                0x08004d20       0x24 C:/ST/STM32CubeIDE_1.17.0/STM32CubeIDE/plugins/com.st.stm32cube.ide.mcu.externaltools.gnu-tools-for-stm32.12.3.rel1.win32_1.1.0.202410251130/tools/bin/../lib/gcc/arm-none-eabi/12.3.1/../../../../arm-none-eabi/lib/thumb/v7-m/nofp\libc.a(libc_a-writer.o)
                0x08004d20                _write_r
 .text.__errno  0x08004d44        0xc C:/ST/STM32CubeIDE_1.17.0/STM32CubeIDE/plugins/com.st.stm32cube.ide.mcu.externaltools.gnu-tools-for-stm32.12.3.rel1.win32_1.1.0.202410251130/tools/bin/../lib/gcc/arm-none-eabi/12.3.1/../../../../arm-none-eabi/lib/thumb/v7-m/nofp\libc.a(libc_a-errno.o)
                0x08004d44                __errno
 .text.__libc_init_array
                0x08004d50       0x48 C:/ST/STM32CubeIDE_1.17.0/STM32CubeIDE/plugins/com.st.stm32cube.ide.mcu.externaltools.gnu-tools-for-stm32.12.3.rel1.win32_1.1.0.202410251130/tools/bin/../lib/gcc/arm-none-eabi/12.3.1/../../../../arm-none-eabi/lib/thumb/v7-m/nofp\libc.a(libc_a-init.o)
                0x08004d50                __libc_init_array
 .text.__retarget_lock_init_recursive
                0x08004d98        0x2 C:/ST/STM32CubeIDE_1.17.0/STM32CubeIDE/plugins/com.st.stm32cube.ide.mcu.externaltools.gnu-tools-for-stm32.12.3.rel1.win32_1.1.0.202410251130/tools/bin/../lib/gcc/arm-none-eabi/12.3.1/../../../../arm-none-eabi/lib/thumb/v7-m/nofp\libc.a(libc_a-lock.o)
                0x08004d98                __retarget_lock_init_recursive
 .text.__retarget_lock_close_recursive
                0x08004d9a        0x2 C:/ST/STM32CubeIDE_1.17.0/STM32CubeIDE/plugins/com.st.stm32cube.ide.mcu.externaltools.gnu-tools-for-stm32.12.3.rel1.win32_1.1.0.202410251130/tools/bin/../lib/gcc/arm-none-eabi/12.3.1/../../../../arm-none-eabi/lib/thumb/v7-m/nofp\libc.a(libc_a-lock.o)
                0x08004d9a                __retarget_lock_close_recursive
 .text.__retarget_lock_acquire_recursive
                0x08004d9c        0x2 C:/ST/STM32CubeIDE_1.17.0/STM32CubeIDE/plugins/com.st.stm32cube.ide.mcu.externaltools.gnu-tools-for-stm32.12.3.rel1.win32_1.1.0.202410251130/tools/bin/../lib/gcc/arm-none-eabi/12.3.1/../../../../arm-none-eabi/lib/thumb/v7-m/nofp\libc.a(libc_a-lock.o)
                0x08004d9c                __retarget_lock_acquire_recursive
 .text.__retarget_lock_release_recursive
                0x08004d9e        0x2 C:/ST/STM32CubeIDE_1.17.0/STM32CubeIDE/plugins/com.st.stm32cube.ide.mcu.externaltools.gnu-tools-for-stm32.12.3.rel1.win32_1.1.0.202410251130/tools/bin/../lib/gcc/arm-none-eabi/12.3.1/../../../../arm-none-eabi/lib/thumb/v7-m/nofp\libc.a(libc_a-lock.o)
                0x08004d9e                __retarget_lock_release_recursive
 .text.startup.register_fini
                0x08004da0       0x14 C:/ST/STM32CubeIDE_1.17.0/STM32CubeIDE/plugins/com.st.stm32cube.ide.mcu.externaltools.gnu-tools-for-stm32.12.3.rel1.win32_1.1.0.202410251130/tools/bin/../lib/gcc/arm-none-eabi/12.3.1/../../../../arm-none-eabi/lib/thumb/v7-m/nofp\libc.a(libc_a-__call_atexit.o)
 .text.atexit   0x08004db4        0xc C:/ST/STM32CubeIDE_1.17.0/STM32CubeIDE/plugins/com.st.stm32cube.ide.mcu.externaltools.gnu-tools-for-stm32.12.3.rel1.win32_1.1.0.202410251130/tools/bin/../lib/gcc/arm-none-eabi/12.3.1/../../../../arm-none-eabi/lib/thumb/v7-m/nofp\libc.a(libc_a-atexit.o)
                0x08004db4                atexit
 .text._malloc_trim_r
                0x08004dc0       0xac C:/ST/STM32CubeIDE_1.17.0/STM32CubeIDE/plugins/com.st.stm32cube.ide.mcu.externaltools.gnu-tools-for-stm32.12.3.rel1.win32_1.1.0.202410251130/tools/bin/../lib/gcc/arm-none-eabi/12.3.1/../../../../arm-none-eabi/lib/thumb/v7-m/nofp\libc.a(libc_a-freer.o)
                0x08004dc0                _malloc_trim_r
 .text._free_r  0x08004e6c      0x180 C:/ST/STM32CubeIDE_1.17.0/STM32CubeIDE/plugins/com.st.stm32cube.ide.mcu.externaltools.gnu-tools-for-stm32.12.3.rel1.win32_1.1.0.202410251130/tools/bin/../lib/gcc/arm-none-eabi/12.3.1/../../../../arm-none-eabi/lib/thumb/v7-m/nofp\libc.a(libc_a-freer.o)
                0x08004e6c                _free_r
 .text._malloc_r
                0x08004fec      0x474 C:/ST/STM32CubeIDE_1.17.0/STM32CubeIDE/plugins/com.st.stm32cube.ide.mcu.externaltools.gnu-tools-for-stm32.12.3.rel1.win32_1.1.0.202410251130/tools/bin/../lib/gcc/arm-none-eabi/12.3.1/../../../../arm-none-eabi/lib/thumb/v7-m/nofp\libc.a(libc_a-mallocr.o)
                0x08004fec                _malloc_r
 .text.__malloc_lock
                0x08005460        0xc C:/ST/STM32CubeIDE_1.17.0/STM32CubeIDE/plugins/com.st.stm32cube.ide.mcu.externaltools.gnu-tools-for-stm32.12.3.rel1.win32_1.1.0.202410251130/tools/bin/../lib/gcc/arm-none-eabi/12.3.1/../../../../arm-none-eabi/lib/thumb/v7-m/nofp\libc.a(libc_a-mlock.o)
                0x08005460                __malloc_lock
 .text.__malloc_unlock
                0x0800546c        0xc C:/ST/STM32CubeIDE_1.17.0/STM32CubeIDE/plugins/com.st.stm32cube.ide.mcu.externaltools.gnu-tools-for-stm32.12.3.rel1.win32_1.1.0.202410251130/tools/bin/../lib/gcc/arm-none-eabi/12.3.1/../../../../arm-none-eabi/lib/thumb/v7-m/nofp\libc.a(libc_a-mlock.o)
                0x0800546c                __malloc_unlock
 .text._svfprintf_r
                0x08005478     0x1378 C:/ST/STM32CubeIDE_1.17.0/STM32CubeIDE/plugins/com.st.stm32cube.ide.mcu.externaltools.gnu-tools-for-stm32.12.3.rel1.win32_1.1.0.202410251130/tools/bin/../lib/gcc/arm-none-eabi/12.3.1/../../../../arm-none-eabi/lib/thumb/v7-m/nofp\libc.a(libc_a-svfprintf.o)
                0x08005478                _svfprintf_r
 .text._fclose_r
                0x080067f0       0xaa C:/ST/STM32CubeIDE_1.17.0/STM32CubeIDE/plugins/com.st.stm32cube.ide.mcu.externaltools.gnu-tools-for-stm32.12.3.rel1.win32_1.1.0.202410251130/tools/bin/../lib/gcc/arm-none-eabi/12.3.1/../../../../arm-none-eabi/lib/thumb/v7-m/nofp\libc.a(libc_a-fclose.o)
                0x080067f0                _fclose_r
 *fill*         0x0800689a        0x2 
 .text.__sflush_r
                0x0800689c      0x108 C:/ST/STM32CubeIDE_1.17.0/STM32CubeIDE/plugins/com.st.stm32cube.ide.mcu.externaltools.gnu-tools-for-stm32.12.3.rel1.win32_1.1.0.202410251130/tools/bin/../lib/gcc/arm-none-eabi/12.3.1/../../../../arm-none-eabi/lib/thumb/v7-m/nofp\libc.a(libc_a-fflush.o)
                0x0800689c                __sflush_r
 .text._fflush_r
                0x080069a4       0x4a C:/ST/STM32CubeIDE_1.17.0/STM32CubeIDE/plugins/com.st.stm32cube.ide.mcu.externaltools.gnu-tools-for-stm32.12.3.rel1.win32_1.1.0.202410251130/tools/bin/../lib/gcc/arm-none-eabi/12.3.1/../../../../arm-none-eabi/lib/thumb/v7-m/nofp\libc.a(libc_a-fflush.o)
                0x080069a4                _fflush_r
 .text.strncpy  0x080069ee       0x26 C:/ST/STM32CubeIDE_1.17.0/STM32CubeIDE/plugins/com.st.stm32cube.ide.mcu.externaltools.gnu-tools-for-stm32.12.3.rel1.win32_1.1.0.202410251130/tools/bin/../lib/gcc/arm-none-eabi/12.3.1/../../../../arm-none-eabi/lib/thumb/v7-m/nofp\libc.a(libc_a-strncpy.o)
                0x080069ee                strncpy
 .text._localeconv_r
                0x08006a14        0x8 C:/ST/STM32CubeIDE_1.17.0/STM32CubeIDE/plugins/com.st.stm32cube.ide.mcu.externaltools.gnu-tools-for-stm32.12.3.rel1.win32_1.1.0.202410251130/tools/bin/../lib/gcc/arm-none-eabi/12.3.1/../../../../arm-none-eabi/lib/thumb/v7-m/nofp\libc.a(libc_a-localeconv.o)
                0x08006a14                _localeconv_r
 .text._sbrk_r  0x08006a1c       0x20 C:/ST/STM32CubeIDE_1.17.0/STM32CubeIDE/plugins/com.st.stm32cube.ide.mcu.externaltools.gnu-tools-for-stm32.12.3.rel1.win32_1.1.0.202410251130/tools/bin/../lib/gcc/arm-none-eabi/12.3.1/../../../../arm-none-eabi/lib/thumb/v7-m/nofp\libc.a(libc_a-sbrkr.o)
                0x08006a1c                _sbrk_r
 .text.__libc_fini_array
                0x08006a3c       0x28 C:/ST/STM32CubeIDE_1.17.0/STM32CubeIDE/plugins/com.st.stm32cube.ide.mcu.externaltools.gnu-tools-for-stm32.12.3.rel1.win32_1.1.0.202410251130/tools/bin/../lib/gcc/arm-none-eabi/12.3.1/../../../../arm-none-eabi/lib/thumb/v7-m/nofp\libc.a(libc_a-fini.o)
                0x08006a3c                __libc_fini_array
 .text.sysconf  0x08006a64       0x18 C:/ST/STM32CubeIDE_1.17.0/STM32CubeIDE/plugins/com.st.stm32cube.ide.mcu.externaltools.gnu-tools-for-stm32.12.3.rel1.win32_1.1.0.202410251130/tools/bin/../lib/gcc/arm-none-eabi/12.3.1/../../../../arm-none-eabi/lib/thumb/v7-m/nofp\libc.a(libc_a-sysconf.o)
                0x08006a64                sysconf
 .text.memchr   0x08006a7c       0x1c C:/ST/STM32CubeIDE_1.17.0/STM32CubeIDE/plugins/com.st.stm32cube.ide.mcu.externaltools.gnu-tools-for-stm32.12.3.rel1.win32_1.1.0.202410251130/tools/bin/../lib/gcc/arm-none-eabi/12.3.1/../../../../arm-none-eabi/lib/thumb/v7-m/nofp\libc.a(libc_a-memchr-stub.o)
                0x08006a7c                memchr
 .text.frexp    0x08006a98       0x68 C:/ST/STM32CubeIDE_1.17.0/STM32CubeIDE/plugins/com.st.stm32cube.ide.mcu.externaltools.gnu-tools-for-stm32.12.3.rel1.win32_1.1.0.202410251130/tools/bin/../lib/gcc/arm-none-eabi/12.3.1/../../../../arm-none-eabi/lib/thumb/v7-m/nofp\libc.a(libm_a-s_frexp.o)
                0x08006a98                frexp
 .text.__register_exitproc
                0x08006b00       0x80 C:/ST/STM32CubeIDE_1.17.0/STM32CubeIDE/plugins/com.st.stm32cube.ide.mcu.externaltools.gnu-tools-for-stm32.12.3.rel1.win32_1.1.0.202410251130/tools/bin/../lib/gcc/arm-none-eabi/12.3.1/../../../../arm-none-eabi/lib/thumb/v7-m/nofp\libc.a(libc_a-__atexit.o)
                0x08006b00                __register_exitproc
 .text.quorem   0x08006b80      0x110 C:/ST/STM32CubeIDE_1.17.0/STM32CubeIDE/plugins/com.st.stm32cube.ide.mcu.externaltools.gnu-tools-for-stm32.12.3.rel1.win32_1.1.0.202410251130/tools/bin/../lib/gcc/arm-none-eabi/12.3.1/../../../../arm-none-eabi/lib/thumb/v7-m/nofp\libc.a(libc_a-dtoa.o)
 .text._dtoa_r  0x08006c90      0xb58 C:/ST/STM32CubeIDE_1.17.0/STM32CubeIDE/plugins/com.st.stm32cube.ide.mcu.externaltools.gnu-tools-for-stm32.12.3.rel1.win32_1.1.0.202410251130/tools/bin/../lib/gcc/arm-none-eabi/12.3.1/../../../../arm-none-eabi/lib/thumb/v7-m/nofp\libc.a(libc_a-dtoa.o)
                0x08006c90                _dtoa_r
 .text._Balloc  0x080077e8       0x4a C:/ST/STM32CubeIDE_1.17.0/STM32CubeIDE/plugins/com.st.stm32cube.ide.mcu.externaltools.gnu-tools-for-stm32.12.3.rel1.win32_1.1.0.202410251130/tools/bin/../lib/gcc/arm-none-eabi/12.3.1/../../../../arm-none-eabi/lib/thumb/v7-m/nofp\libc.a(libc_a-mprec.o)
                0x080077e8                _Balloc
 .text._Bfree   0x08007832       0x12 C:/ST/STM32CubeIDE_1.17.0/STM32CubeIDE/plugins/com.st.stm32cube.ide.mcu.externaltools.gnu-tools-for-stm32.12.3.rel1.win32_1.1.0.202410251130/tools/bin/../lib/gcc/arm-none-eabi/12.3.1/../../../../arm-none-eabi/lib/thumb/v7-m/nofp\libc.a(libc_a-mprec.o)
                0x08007832                _Bfree
 .text.__multadd
                0x08007844       0x8c C:/ST/STM32CubeIDE_1.17.0/STM32CubeIDE/plugins/com.st.stm32cube.ide.mcu.externaltools.gnu-tools-for-stm32.12.3.rel1.win32_1.1.0.202410251130/tools/bin/../lib/gcc/arm-none-eabi/12.3.1/../../../../arm-none-eabi/lib/thumb/v7-m/nofp\libc.a(libc_a-mprec.o)
                0x08007844                __multadd
 .text.__hi0bits
                0x080078d0       0x3e C:/ST/STM32CubeIDE_1.17.0/STM32CubeIDE/plugins/com.st.stm32cube.ide.mcu.externaltools.gnu-tools-for-stm32.12.3.rel1.win32_1.1.0.202410251130/tools/bin/../lib/gcc/arm-none-eabi/12.3.1/../../../../arm-none-eabi/lib/thumb/v7-m/nofp\libc.a(libc_a-mprec.o)
                0x080078d0                __hi0bits
 .text.__lo0bits
                0x0800790e       0x5a C:/ST/STM32CubeIDE_1.17.0/STM32CubeIDE/plugins/com.st.stm32cube.ide.mcu.externaltools.gnu-tools-for-stm32.12.3.rel1.win32_1.1.0.202410251130/tools/bin/../lib/gcc/arm-none-eabi/12.3.1/../../../../arm-none-eabi/lib/thumb/v7-m/nofp\libc.a(libc_a-mprec.o)
                0x0800790e                __lo0bits
 .text.__i2b    0x08007968       0x2c C:/ST/STM32CubeIDE_1.17.0/STM32CubeIDE/plugins/com.st.stm32cube.ide.mcu.externaltools.gnu-tools-for-stm32.12.3.rel1.win32_1.1.0.202410251130/tools/bin/../lib/gcc/arm-none-eabi/12.3.1/../../../../arm-none-eabi/lib/thumb/v7-m/nofp\libc.a(libc_a-mprec.o)
                0x08007968                __i2b
 .text.__multiply
                0x08007994      0x150 C:/ST/STM32CubeIDE_1.17.0/STM32CubeIDE/plugins/com.st.stm32cube.ide.mcu.externaltools.gnu-tools-for-stm32.12.3.rel1.win32_1.1.0.202410251130/tools/bin/../lib/gcc/arm-none-eabi/12.3.1/../../../../arm-none-eabi/lib/thumb/v7-m/nofp\libc.a(libc_a-mprec.o)
                0x08007994                __multiply
 .text.__pow5mult
                0x08007ae4       0x80 C:/ST/STM32CubeIDE_1.17.0/STM32CubeIDE/plugins/com.st.stm32cube.ide.mcu.externaltools.gnu-tools-for-stm32.12.3.rel1.win32_1.1.0.202410251130/tools/bin/../lib/gcc/arm-none-eabi/12.3.1/../../../../arm-none-eabi/lib/thumb/v7-m/nofp\libc.a(libc_a-mprec.o)
                0x08007ae4                __pow5mult
 .text.__lshift
                0x08007b64       0xd8 C:/ST/STM32CubeIDE_1.17.0/STM32CubeIDE/plugins/com.st.stm32cube.ide.mcu.externaltools.gnu-tools-for-stm32.12.3.rel1.win32_1.1.0.202410251130/tools/bin/../lib/gcc/arm-none-eabi/12.3.1/../../../../arm-none-eabi/lib/thumb/v7-m/nofp\libc.a(libc_a-mprec.o)
                0x08007b64                __lshift
 .text.__mcmp   0x08007c3c       0x36 C:/ST/STM32CubeIDE_1.17.0/STM32CubeIDE/plugins/com.st.stm32cube.ide.mcu.externaltools.gnu-tools-for-stm32.12.3.rel1.win32_1.1.0.202410251130/tools/bin/../lib/gcc/arm-none-eabi/12.3.1/../../../../arm-none-eabi/lib/thumb/v7-m/nofp\libc.a(libc_a-mprec.o)
                0x08007c3c                __mcmp
 *fill*         0x08007c72        0x2 
 .text.__mdiff  0x08007c74      0x128 C:/ST/STM32CubeIDE_1.17.0/STM32CubeIDE/plugins/com.st.stm32cube.ide.mcu.externaltools.gnu-tools-for-stm32.12.3.rel1.win32_1.1.0.202410251130/tools/bin/../lib/gcc/arm-none-eabi/12.3.1/../../../../arm-none-eabi/lib/thumb/v7-m/nofp\libc.a(libc_a-mprec.o)
                0x08007c74                __mdiff
 .text.__d2b    0x08007d9c       0xb0 C:/ST/STM32CubeIDE_1.17.0/STM32CubeIDE/plugins/com.st.stm32cube.ide.mcu.externaltools.gnu-tools-for-stm32.12.3.rel1.win32_1.1.0.202410251130/tools/bin/../lib/gcc/arm-none-eabi/12.3.1/../../../../arm-none-eabi/lib/thumb/v7-m/nofp\libc.a(libc_a-mprec.o)
                0x08007d9c                __d2b
 .text.__ssprint_r
                0x08007e4c       0xfa C:/ST/STM32CubeIDE_1.17.0/STM32CubeIDE/plugins/com.st.stm32cube.ide.mcu.externaltools.gnu-tools-for-stm32.12.3.rel1.win32_1.1.0.202410251130/tools/bin/../lib/gcc/arm-none-eabi/12.3.1/../../../../arm-none-eabi/lib/thumb/v7-m/nofp\libc.a(libc_a-svfiprintf.o)
                0x08007e4c                __ssprint_r
 .text.memmove  0x08007f46       0x34 C:/ST/STM32CubeIDE_1.17.0/STM32CubeIDE/plugins/com.st.stm32cube.ide.mcu.externaltools.gnu-tools-for-stm32.12.3.rel1.win32_1.1.0.202410251130/tools/bin/../lib/gcc/arm-none-eabi/12.3.1/../../../../arm-none-eabi/lib/thumb/v7-m/nofp\libc.a(libc_a-memmove.o)
                0x08007f46                memmove
 *fill*         0x08007f7a        0x2 
 .text.__locale_mb_cur_max
                0x08007f7c        0xc C:/ST/STM32CubeIDE_1.17.0/STM32CubeIDE/plugins/com.st.stm32cube.ide.mcu.externaltools.gnu-tools-for-stm32.12.3.rel1.win32_1.1.0.202410251130/tools/bin/../lib/gcc/arm-none-eabi/12.3.1/../../../../arm-none-eabi/lib/thumb/v7-m/nofp\libc.a(libc_a-locale.o)
                0x08007f7c                __locale_mb_cur_max
 .text.memcpy   0x08007f88       0x1c C:/ST/STM32CubeIDE_1.17.0/STM32CubeIDE/plugins/com.st.stm32cube.ide.mcu.externaltools.gnu-tools-for-stm32.12.3.rel1.win32_1.1.0.202410251130/tools/bin/../lib/gcc/arm-none-eabi/12.3.1/../../../../arm-none-eabi/lib/thumb/v7-m/nofp\libc.a(libc_a-memcpy-stub.o)
                0x08007f88                memcpy
 .text.__assert_func
                0x08007fa4       0x3c C:/ST/STM32CubeIDE_1.17.0/STM32CubeIDE/plugins/com.st.stm32cube.ide.mcu.externaltools.gnu-tools-for-stm32.12.3.rel1.win32_1.1.0.202410251130/tools/bin/../lib/gcc/arm-none-eabi/12.3.1/../../../../arm-none-eabi/lib/thumb/v7-m/nofp\libc.a(libc_a-assert.o)
                0x08007fa4                __assert_func
 .text._calloc_r
                0x08007fe0       0x6a C:/ST/STM32CubeIDE_1.17.0/STM32CubeIDE/plugins/com.st.stm32cube.ide.mcu.externaltools.gnu-tools-for-stm32.12.3.rel1.win32_1.1.0.202410251130/tools/bin/../lib/gcc/arm-none-eabi/12.3.1/../../../../arm-none-eabi/lib/thumb/v7-m/nofp\libc.a(libc_a-callocr.o)
                0x08007fe0                _calloc_r
 .text.__ascii_mbtowc
                0x0800804a       0x24 C:/ST/STM32CubeIDE_1.17.0/STM32CubeIDE/plugins/com.st.stm32cube.ide.mcu.externaltools.gnu-tools-for-stm32.12.3.rel1.win32_1.1.0.202410251130/tools/bin/../lib/gcc/arm-none-eabi/12.3.1/../../../../arm-none-eabi/lib/thumb/v7-m/nofp\libc.a(libc_a-mbtowc_r.o)
                0x0800804a                __ascii_mbtowc
 *fill*         0x0800806e        0x2 
 .text._realloc_r
                0x08008070      0x358 C:/ST/STM32CubeIDE_1.17.0/STM32CubeIDE/plugins/com.st.stm32cube.ide.mcu.externaltools.gnu-tools-for-stm32.12.3.rel1.win32_1.1.0.202410251130/tools/bin/../lib/gcc/arm-none-eabi/12.3.1/../../../../arm-none-eabi/lib/thumb/v7-m/nofp\libc.a(libc_a-reallocr.o)
                0x08008070                _realloc_r
 .text.__ascii_wctomb
                0x080083c8       0x1a C:/ST/STM32CubeIDE_1.17.0/STM32CubeIDE/plugins/com.st.stm32cube.ide.mcu.externaltools.gnu-tools-for-stm32.12.3.rel1.win32_1.1.0.202410251130/tools/bin/../lib/gcc/arm-none-eabi/12.3.1/../../../../arm-none-eabi/lib/thumb/v7-m/nofp\libc.a(libc_a-wctomb_r.o)
                0x080083c8                __ascii_wctomb
 *fill*         0x080083e2        0x2 
 .text.fiprintf
                0x080083e4       0x24 C:/ST/STM32CubeIDE_1.17.0/STM32CubeIDE/plugins/com.st.stm32cube.ide.mcu.externaltools.gnu-tools-for-stm32.12.3.rel1.win32_1.1.0.202410251130/tools/bin/../lib/gcc/arm-none-eabi/12.3.1/../../../../arm-none-eabi/lib/thumb/v7-m/nofp\libc.a(libc_a-fiprintf.o)
                0x080083e4                fiprintf
 .text.__sprint_r
                0x08008408       0x64 C:/ST/STM32CubeIDE_1.17.0/STM32CubeIDE/plugins/com.st.stm32cube.ide.mcu.externaltools.gnu-tools-for-stm32.12.3.rel1.win32_1.1.0.202410251130/tools/bin/../lib/gcc/arm-none-eabi/12.3.1/../../../../arm-none-eabi/lib/thumb/v7-m/nofp\libc.a(libc_a-vfiprintf.o)
                0x08008408                __sprint_r
 .text._vfiprintf_r
                0x0800846c      0x914 C:/ST/STM32CubeIDE_1.17.0/STM32CubeIDE/plugins/com.st.stm32cube.ide.mcu.externaltools.gnu-tools-for-stm32.12.3.rel1.win32_1.1.0.202410251130/tools/bin/../lib/gcc/arm-none-eabi/12.3.1/../../../../arm-none-eabi/lib/thumb/v7-m/nofp\libc.a(libc_a-vfiprintf.o)
                0x0800846c                _vfiprintf_r
 .text.__sbprintf
                0x08008d80       0x80 C:/ST/STM32CubeIDE_1.17.0/STM32CubeIDE/plugins/com.st.stm32cube.ide.mcu.externaltools.gnu-tools-for-stm32.12.3.rel1.win32_1.1.0.202410251130/tools/bin/../lib/gcc/arm-none-eabi/12.3.1/../../../../arm-none-eabi/lib/thumb/v7-m/nofp\libc.a(libc_a-vfiprintf.o)
 .text.__sfvwrite_r
                0x08008e00      0x298 C:/ST/STM32CubeIDE_1.17.0/STM32CubeIDE/plugins/com.st.stm32cube.ide.mcu.externaltools.gnu-tools-for-stm32.12.3.rel1.win32_1.1.0.202410251130/tools/bin/../lib/gcc/arm-none-eabi/12.3.1/../../../../arm-none-eabi/lib/thumb/v7-m/nofp\libc.a(libc_a-fvwrite.o)
                0x08008e00                __sfvwrite_r
 .text.__swsetup_r
                0x08009098       0xac C:/ST/STM32CubeIDE_1.17.0/STM32CubeIDE/plugins/com.st.stm32cube.ide.mcu.externaltools.gnu-tools-for-stm32.12.3.rel1.win32_1.1.0.202410251130/tools/bin/../lib/gcc/arm-none-eabi/12.3.1/../../../../arm-none-eabi/lib/thumb/v7-m/nofp\libc.a(libc_a-wsetup.o)
                0x08009098                __swsetup_r
 .text.__fputwc
                0x08009144       0x82 C:/ST/STM32CubeIDE_1.17.0/STM32CubeIDE/plugins/com.st.stm32cube.ide.mcu.externaltools.gnu-tools-for-stm32.12.3.rel1.win32_1.1.0.202410251130/tools/bin/../lib/gcc/arm-none-eabi/12.3.1/../../../../arm-none-eabi/lib/thumb/v7-m/nofp\libc.a(libc_a-fputwc.o)
                0x08009144                __fputwc
 .text._fputwc_r
                0x080091c6       0x52 C:/ST/STM32CubeIDE_1.17.0/STM32CubeIDE/plugins/com.st.stm32cube.ide.mcu.externaltools.gnu-tools-for-stm32.12.3.rel1.win32_1.1.0.202410251130/tools/bin/../lib/gcc/arm-none-eabi/12.3.1/../../../../arm-none-eabi/lib/thumb/v7-m/nofp\libc.a(libc_a-fputwc.o)
                0x080091c6                _fputwc_r
 .text.abort    0x08009218        0xe C:/ST/STM32CubeIDE_1.17.0/STM32CubeIDE/plugins/com.st.stm32cube.ide.mcu.externaltools.gnu-tools-for-stm32.12.3.rel1.win32_1.1.0.202410251130/tools/bin/../lib/gcc/arm-none-eabi/12.3.1/../../../../arm-none-eabi/lib/thumb/v7-m/nofp\libc.a(libc_a-abort.o)
                0x08009218                abort
 *fill*         0x08009226        0x2 
 .text._wcrtomb_r
                0x08009228       0x2c C:/ST/STM32CubeIDE_1.17.0/STM32CubeIDE/plugins/com.st.stm32cube.ide.mcu.externaltools.gnu-tools-for-stm32.12.3.rel1.win32_1.1.0.202410251130/tools/bin/../lib/gcc/arm-none-eabi/12.3.1/../../../../arm-none-eabi/lib/thumb/v7-m/nofp\libc.a(libc_a-wcrtomb.o)
                0x08009228                _wcrtomb_r
 .text.__swhatbuf_r
                0x08009254       0x50 C:/ST/STM32CubeIDE_1.17.0/STM32CubeIDE/plugins/com.st.stm32cube.ide.mcu.externaltools.gnu-tools-for-stm32.12.3.rel1.win32_1.1.0.202410251130/tools/bin/../lib/gcc/arm-none-eabi/12.3.1/../../../../arm-none-eabi/lib/thumb/v7-m/nofp\libc.a(libc_a-makebuf.o)
                0x08009254                __swhatbuf_r
 .text.__smakebuf_r
                0x080092a4       0x78 C:/ST/STM32CubeIDE_1.17.0/STM32CubeIDE/plugins/com.st.stm32cube.ide.mcu.externaltools.gnu-tools-for-stm32.12.3.rel1.win32_1.1.0.202410251130/tools/bin/../lib/gcc/arm-none-eabi/12.3.1/../../../../arm-none-eabi/lib/thumb/v7-m/nofp\libc.a(libc_a-makebuf.o)
                0x080092a4                __smakebuf_r
 .text.__swbuf_r
                0x0800931c       0x92 C:/ST/STM32CubeIDE_1.17.0/STM32CubeIDE/plugins/com.st.stm32cube.ide.mcu.externaltools.gnu-tools-for-stm32.12.3.rel1.win32_1.1.0.202410251130/tools/bin/../lib/gcc/arm-none-eabi/12.3.1/../../../../arm-none-eabi/lib/thumb/v7-m/nofp\libc.a(libc_a-wbuf.o)
                0x0800931c                __swbuf_r
 .text._raise_r
                0x080093ae       0x52 C:/ST/STM32CubeIDE_1.17.0/STM32CubeIDE/plugins/com.st.stm32cube.ide.mcu.externaltools.gnu-tools-for-stm32.12.3.rel1.win32_1.1.0.202410251130/tools/bin/../lib/gcc/arm-none-eabi/12.3.1/../../../../arm-none-eabi/lib/thumb/v7-m/nofp\libc.a(libc_a-signal.o)
                0x080093ae                _raise_r
 .text.raise    0x08009400       0x10 C:/ST/STM32CubeIDE_1.17.0/STM32CubeIDE/plugins/com.st.stm32cube.ide.mcu.externaltools.gnu-tools-for-stm32.12.3.rel1.win32_1.1.0.202410251130/tools/bin/../lib/gcc/arm-none-eabi/12.3.1/../../../../arm-none-eabi/lib/thumb/v7-m/nofp\libc.a(libc_a-signal.o)
                0x08009400                raise
 .text._fstat_r
                0x08009410       0x24 C:/ST/STM32CubeIDE_1.17.0/STM32CubeIDE/plugins/com.st.stm32cube.ide.mcu.externaltools.gnu-tools-for-stm32.12.3.rel1.win32_1.1.0.202410251130/tools/bin/../lib/gcc/arm-none-eabi/12.3.1/../../../../arm-none-eabi/lib/thumb/v7-m/nofp\libc.a(libc_a-fstatr.o)
                0x08009410                _fstat_r
 .text._isatty_r
                0x08009434       0x20 C:/ST/STM32CubeIDE_1.17.0/STM32CubeIDE/plugins/com.st.stm32cube.ide.mcu.externaltools.gnu-tools-for-stm32.12.3.rel1.win32_1.1.0.202410251130/tools/bin/../lib/gcc/arm-none-eabi/12.3.1/../../../../arm-none-eabi/lib/thumb/v7-m/nofp\libc.a(libc_a-isattyr.o)
                0x08009434                _isatty_r
 .text._kill_r  0x08009454       0x24 C:/ST/STM32CubeIDE_1.17.0/STM32CubeIDE/plugins/com.st.stm32cube.ide.mcu.externaltools.gnu-tools-for-stm32.12.3.rel1.win32_1.1.0.202410251130/tools/bin/../lib/gcc/arm-none-eabi/12.3.1/../../../../arm-none-eabi/lib/thumb/v7-m/nofp\libc.a(libc_a-signalr.o)
                0x08009454                _kill_r
 .text._getpid_r
                0x08009478        0x4 C:/ST/STM32CubeIDE_1.17.0/STM32CubeIDE/plugins/com.st.stm32cube.ide.mcu.externaltools.gnu-tools-for-stm32.12.3.rel1.win32_1.1.0.202410251130/tools/bin/../lib/gcc/arm-none-eabi/12.3.1/../../../../arm-none-eabi/lib/thumb/v7-m/nofp\libc.a(libc_a-signalr.o)
                0x08009478                _getpid_r
 *(.glue_7)
 .glue_7        0x0800947c        0x0 linker stubs
 *(.glue_7t)
 .glue_7t       0x0800947c        0x0 linker stubs
 *(.eh_frame)
 .eh_frame      0x0800947c        0x0 C:/ST/STM32CubeIDE_1.17.0/STM32CubeIDE/plugins/com.st.stm32cube.ide.mcu.externaltools.gnu-tools-for-stm32.12.3.rel1.win32_1.1.0.202410251130/tools/bin/../lib/gcc/arm-none-eabi/12.3.1/thumb/v7-m/nofp/crtbegin.o
 *(.init)
 .init          0x0800947c        0x4 C:/ST/STM32CubeIDE_1.17.0/STM32CubeIDE/plugins/com.st.stm32cube.ide.mcu.externaltools.gnu-tools-for-stm32.12.3.rel1.win32_1.1.0.202410251130/tools/bin/../lib/gcc/arm-none-eabi/12.3.1/thumb/v7-m/nofp/crti.o
                0x0800947c                _init
 .init          0x08009480        0x8 C:/ST/STM32CubeIDE_1.17.0/STM32CubeIDE/plugins/com.st.stm32cube.ide.mcu.externaltools.gnu-tools-for-stm32.12.3.rel1.win32_1.1.0.202410251130/tools/bin/../lib/gcc/arm-none-eabi/12.3.1/thumb/v7-m/nofp/crtn.o
 *(.fini)
 .fini          0x08009488        0x4 C:/ST/STM32CubeIDE_1.17.0/STM32CubeIDE/plugins/com.st.stm32cube.ide.mcu.externaltools.gnu-tools-for-stm32.12.3.rel1.win32_1.1.0.202410251130/tools/bin/../lib/gcc/arm-none-eabi/12.3.1/thumb/v7-m/nofp/crti.o
                0x08009488                _fini
 .fini          0x0800948c        0x8 C:/ST/STM32CubeIDE_1.17.0/STM32CubeIDE/plugins/com.st.stm32cube.ide.mcu.externaltools.gnu-tools-for-stm32.12.3.rel1.win32_1.1.0.202410251130/tools/bin/../lib/gcc/arm-none-eabi/12.3.1/thumb/v7-m/nofp/crtn.o
                0x08009494                        . = ALIGN (0x4)
                0x08009494                        _etext = .

.vfp11_veneer   0x08009494        0x0
 .vfp11_veneer  0x08009494        0x0 linker stubs

.v4_bx          0x08009494        0x0
 .v4_bx         0x08009494        0x0 linker stubs

.iplt           0x08009494        0x0
 .iplt          0x08009494        0x0 C:/ST/STM32CubeIDE_1.17.0/STM32CubeIDE/plugins/com.st.stm32cube.ide.mcu.externaltools.gnu-tools-for-stm32.12.3.rel1.win32_1.1.0.202410251130/tools/bin/../lib/gcc/arm-none-eabi/12.3.1/thumb/v7-m/nofp/crtbegin.o

.rodata         0x08009498      0x430
                0x08009498                        . = ALIGN (0x4)
 *(.rodata)
 .rodata        0x08009498       0x69 ./Core/Src/main.o
 *(.rodata*)
 *fill*         0x08009501        0x3 
 .rodata.keys   0x08009504       0x10 ./Core/Src/keyboardMatrix.o
 .rodata.AHBPrescTable
                0x08009514       0x10 ./Core/Src/system_stm32f1xx.o
                0x08009514                AHBPrescTable
 .rodata.APBPrescTable
                0x08009524        0x8 ./Core/Src/system_stm32f1xx.o
                0x08009524                APBPrescTable
 .rodata.aPLLMULFactorTable.1
                0x0800952c       0x10 ./Drivers/STM32F1xx_HAL_Driver/Src/stm32f1xx_hal_rcc.o
 .rodata.aPredivFactorTable.0
                0x0800953c        0x2 ./Drivers/STM32F1xx_HAL_Driver/Src/stm32f1xx_hal_rcc.o
 .rodata._svfprintf_r.str1.1
                0x0800953e       0x34 C:/ST/STM32CubeIDE_1.17.0/STM32CubeIDE/plugins/com.st.stm32cube.ide.mcu.externaltools.gnu-tools-for-stm32.12.3.rel1.win32_1.1.0.202410251130/tools/bin/../lib/gcc/arm-none-eabi/12.3.1/../../../../arm-none-eabi/lib/thumb/v7-m/nofp\libc.a(libc_a-svfprintf.o)
 .rodata.zeroes.0
                0x08009572       0x10 C:/ST/STM32CubeIDE_1.17.0/STM32CubeIDE/plugins/com.st.stm32cube.ide.mcu.externaltools.gnu-tools-for-stm32.12.3.rel1.win32_1.1.0.202410251130/tools/bin/../lib/gcc/arm-none-eabi/12.3.1/../../../../arm-none-eabi/lib/thumb/v7-m/nofp\libc.a(libc_a-svfprintf.o)
 .rodata.blanks.1
                0x08009582       0x10 C:/ST/STM32CubeIDE_1.17.0/STM32CubeIDE/plugins/com.st.stm32cube.ide.mcu.externaltools.gnu-tools-for-stm32.12.3.rel1.win32_1.1.0.202410251130/tools/bin/../lib/gcc/arm-none-eabi/12.3.1/../../../../arm-none-eabi/lib/thumb/v7-m/nofp\libc.a(libc_a-svfprintf.o)
 .rodata._dtoa_r.str1.1
                0x08009592       0x76 C:/ST/STM32CubeIDE_1.17.0/STM32CubeIDE/plugins/com.st.stm32cube.ide.mcu.externaltools.gnu-tools-for-stm32.12.3.rel1.win32_1.1.0.202410251130/tools/bin/../lib/gcc/arm-none-eabi/12.3.1/../../../../arm-none-eabi/lib/thumb/v7-m/nofp\libc.a(libc_a-dtoa.o)
                                 0x78 (size before relaxing)
 .rodata.__multadd.str1.1
                0x08009608       0x59 C:/ST/STM32CubeIDE_1.17.0/STM32CubeIDE/plugins/com.st.stm32cube.ide.mcu.externaltools.gnu-tools-for-stm32.12.3.rel1.win32_1.1.0.202410251130/tools/bin/../lib/gcc/arm-none-eabi/12.3.1/../../../../arm-none-eabi/lib/thumb/v7-m/nofp\libc.a(libc_a-mprec.o)
                                 0x6a (size before relaxing)
 *fill*         0x08009661        0x3 
 .rodata.p05.0  0x08009664        0xc C:/ST/STM32CubeIDE_1.17.0/STM32CubeIDE/plugins/com.st.stm32cube.ide.mcu.externaltools.gnu-tools-for-stm32.12.3.rel1.win32_1.1.0.202410251130/tools/bin/../lib/gcc/arm-none-eabi/12.3.1/../../../../arm-none-eabi/lib/thumb/v7-m/nofp\libc.a(libc_a-mprec.o)
 .rodata.__mprec_bigtens
                0x08009670       0x28 C:/ST/STM32CubeIDE_1.17.0/STM32CubeIDE/plugins/com.st.stm32cube.ide.mcu.externaltools.gnu-tools-for-stm32.12.3.rel1.win32_1.1.0.202410251130/tools/bin/../lib/gcc/arm-none-eabi/12.3.1/../../../../arm-none-eabi/lib/thumb/v7-m/nofp\libc.a(libc_a-mprec.o)
                0x08009670                __mprec_bigtens
 .rodata.__mprec_tens
                0x08009698       0xc8 C:/ST/STM32CubeIDE_1.17.0/STM32CubeIDE/plugins/com.st.stm32cube.ide.mcu.externaltools.gnu-tools-for-stm32.12.3.rel1.win32_1.1.0.202410251130/tools/bin/../lib/gcc/arm-none-eabi/12.3.1/../../../../arm-none-eabi/lib/thumb/v7-m/nofp\libc.a(libc_a-mprec.o)
                0x08009698                __mprec_tens
 .rodata._setlocale_r.str1.1
                0x08009760        0x8 C:/ST/STM32CubeIDE_1.17.0/STM32CubeIDE/plugins/com.st.stm32cube.ide.mcu.externaltools.gnu-tools-for-stm32.12.3.rel1.win32_1.1.0.202410251130/tools/bin/../lib/gcc/arm-none-eabi/12.3.1/../../../../arm-none-eabi/lib/thumb/v7-m/nofp\libc.a(libc_a-locale.o)
                                  0x9 (size before relaxing)
 .rodata.str1.1
                0x08009768        0x2 C:/ST/STM32CubeIDE_1.17.0/STM32CubeIDE/plugins/com.st.stm32cube.ide.mcu.externaltools.gnu-tools-for-stm32.12.3.rel1.win32_1.1.0.202410251130/tools/bin/../lib/gcc/arm-none-eabi/12.3.1/../../../../arm-none-eabi/lib/thumb/v7-m/nofp\libc.a(libc_a-locale.o)
 .rodata.__assert_func.str1.1
                0x0800976a       0x3c C:/ST/STM32CubeIDE_1.17.0/STM32CubeIDE/plugins/com.st.stm32cube.ide.mcu.externaltools.gnu-tools-for-stm32.12.3.rel1.win32_1.1.0.202410251130/tools/bin/../lib/gcc/arm-none-eabi/12.3.1/../../../../arm-none-eabi/lib/thumb/v7-m/nofp\libc.a(libc_a-assert.o)
                                 0x3d (size before relaxing)
 .rodata._ctype_
                0x080097a6      0x101 C:/ST/STM32CubeIDE_1.17.0/STM32CubeIDE/plugins/com.st.stm32cube.ide.mcu.externaltools.gnu-tools-for-stm32.12.3.rel1.win32_1.1.0.202410251130/tools/bin/../lib/gcc/arm-none-eabi/12.3.1/../../../../arm-none-eabi/lib/thumb/v7-m/nofp\libc.a(libc_a-ctype_.o)
                0x080097a6                _ctype_
 .rodata._vfiprintf_r.str1.1
                0x080098a7       0x22 C:/ST/STM32CubeIDE_1.17.0/STM32CubeIDE/plugins/com.st.stm32cube.ide.mcu.externaltools.gnu-tools-for-stm32.12.3.rel1.win32_1.1.0.202410251130/tools/bin/../lib/gcc/arm-none-eabi/12.3.1/../../../../arm-none-eabi/lib/thumb/v7-m/nofp\libc.a(libc_a-vfiprintf.o)
 .rodata.zeroes.0
                0x080098a7       0x10 C:/ST/STM32CubeIDE_1.17.0/STM32CubeIDE/plugins/com.st.stm32cube.ide.mcu.externaltools.gnu-tools-for-stm32.12.3.rel1.win32_1.1.0.202410251130/tools/bin/../lib/gcc/arm-none-eabi/12.3.1/../../../../arm-none-eabi/lib/thumb/v7-m/nofp\libc.a(libc_a-vfiprintf.o)
 .rodata.blanks.1
                0x080098b7       0x10 C:/ST/STM32CubeIDE_1.17.0/STM32CubeIDE/plugins/com.st.stm32cube.ide.mcu.externaltools.gnu-tools-for-stm32.12.3.rel1.win32_1.1.0.202410251130/tools/bin/../lib/gcc/arm-none-eabi/12.3.1/../../../../arm-none-eabi/lib/thumb/v7-m/nofp\libc.a(libc_a-vfiprintf.o)
                0x080098cc                        . = ALIGN (0x4)
 *fill*         0x080098c7        0x1 

.ARM.extab      0x080098c8        0x0
                0x080098c8                        . = ALIGN (0x4)
 *(.ARM.extab* .gnu.linkonce.armextab.*)
                0x080098c8                        . = ALIGN (0x4)

.ARM            0x080098c8        0x8
                0x080098c8                        . = ALIGN (0x4)
                0x080098c8                        __exidx_start = .
 *(.ARM.exidx*)
 .ARM.exidx     0x080098c8        0x8 C:/ST/STM32CubeIDE_1.17.0/STM32CubeIDE/plugins/com.st.stm32cube.ide.mcu.externaltools.gnu-tools-for-stm32.12.3.rel1.win32_1.1.0.202410251130/tools/bin/../lib/gcc/arm-none-eabi/12.3.1/../../../../arm-none-eabi/lib/thumb/v7-m/nofp\libc.a(libc_a-strlen.o)
 .ARM.exidx     0x080098d0        0x0 C:/ST/STM32CubeIDE_1.17.0/STM32CubeIDE/plugins/com.st.stm32cube.ide.mcu.externaltools.gnu-tools-for-stm32.12.3.rel1.win32_1.1.0.202410251130/tools/bin/../lib/gcc/arm-none-eabi/12.3.1/thumb/v7-m/nofp\libgcc.a(_udivmoddi4.o)
                                  0x8 (size before relaxing)
                0x080098d0                        __exidx_end = .
                0x080098d0                        . = ALIGN (0x4)

.preinit_array  0x080098d0        0x0
                0x080098d0                        . = ALIGN (0x4)
                0x080098d0                        PROVIDE (__preinit_array_start = .)
 *(.preinit_array*)
                0x080098d0                        PROVIDE (__preinit_array_end = .)
                0x080098d0                        . = ALIGN (0x4)

.init_array     0x080098d0        0x8
                0x080098d0                        . = ALIGN (0x4)
                0x080098d0                        PROVIDE (__init_array_start = .)
 *(SORT_BY_NAME(.init_array.*))
 .init_array.00000
                0x080098d0        0x4 C:/ST/STM32CubeIDE_1.17.0/STM32CubeIDE/plugins/com.st.stm32cube.ide.mcu.externaltools.gnu-tools-for-stm32.12.3.rel1.win32_1.1.0.202410251130/tools/bin/../lib/gcc/arm-none-eabi/12.3.1/../../../../arm-none-eabi/lib/thumb/v7-m/nofp\libc.a(libc_a-__call_atexit.o)
 *(.init_array*)
 .init_array    0x080098d4        0x4 C:/ST/STM32CubeIDE_1.17.0/STM32CubeIDE/plugins/com.st.stm32cube.ide.mcu.externaltools.gnu-tools-for-stm32.12.3.rel1.win32_1.1.0.202410251130/tools/bin/../lib/gcc/arm-none-eabi/12.3.1/thumb/v7-m/nofp/crtbegin.o
                0x080098d8                        PROVIDE (__init_array_end = .)
                0x080098d8                        . = ALIGN (0x4)

.fini_array     0x080098d8        0x4
                0x080098d8                        . = ALIGN (0x4)
                0x080098d8                        PROVIDE (__fini_array_start = .)
 *(SORT_BY_NAME(.fini_array.*))
 *(.fini_array*)
 .fini_array    0x080098d8        0x4 C:/ST/STM32CubeIDE_1.17.0/STM32CubeIDE/plugins/com.st.stm32cube.ide.mcu.externaltools.gnu-tools-for-stm32.12.3.rel1.win32_1.1.0.202410251130/tools/bin/../lib/gcc/arm-none-eabi/12.3.1/thumb/v7-m/nofp/crtbegin.o
                0x080098dc                        PROVIDE (__fini_array_end = .)
                0x080098dc                        . = ALIGN (0x4)
                0x080098dc                        _sidata = LOADADDR (.data)

.rel.dyn        0x080098dc        0x0
 .rel.iplt      0x080098dc        0x0 C:/ST/STM32CubeIDE_1.17.0/STM32CubeIDE/plugins/com.st.stm32cube.ide.mcu.externaltools.gnu-tools-for-stm32.12.3.rel1.win32_1.1.0.202410251130/tools/bin/../lib/gcc/arm-none-eabi/12.3.1/thumb/v7-m/nofp/crtbegin.o

.data           0x20000000      0x6f8 load address 0x080098dc
                0x20000000                        . = ALIGN (0x4)
                0x20000000                        _sdata = .
 *(.data)
 *(.data*)
 .data.arrayOfRowPin
                0x20000000        0x8 ./Core/Src/keyboardMatrix.o
 .data.arrayOfColumnPin
                0x20000008        0x8 ./Core/Src/keyboardMatrix.o
 .data.arrayOfRowPort
                0x20000010       0x10 ./Core/Src/keyboardMatrix.o
 .data.arrayOfColumnPort
                0x20000020       0x10 ./Core/Src/keyboardMatrix.o
 .data.temp_high
                0x20000030        0x4 ./Core/Src/main.o
                0x20000030                temp_high
 .data.temp_low
                0x20000034        0x4 ./Core/Src/main.o
                0x20000034                temp_low
 .data.SystemCoreClock
                0x20000038        0x4 ./Core/Src/system_stm32f1xx.o
                0x20000038                SystemCoreClock
 .data.uwTickPrio
                0x2000003c        0x4 ./Drivers/STM32F1xx_HAL_Driver/Src/stm32f1xx_hal.o
                0x2000003c                uwTickPrio
 .data.uwTickFreq
                0x20000040        0x1 ./Drivers/STM32F1xx_HAL_Driver/Src/stm32f1xx_hal.o
                0x20000040                uwTickFreq
 *fill*         0x20000041        0x3 
 .data.__sglue  0x20000044        0xc C:/ST/STM32CubeIDE_1.17.0/STM32CubeIDE/plugins/com.st.stm32cube.ide.mcu.externaltools.gnu-tools-for-stm32.12.3.rel1.win32_1.1.0.202410251130/tools/bin/../lib/gcc/arm-none-eabi/12.3.1/../../../../arm-none-eabi/lib/thumb/v7-m/nofp\libc.a(libc_a-findfp.o)
                0x20000044                __sglue
 .data._impure_ptr
                0x20000050        0x4 C:/ST/STM32CubeIDE_1.17.0/STM32CubeIDE/plugins/com.st.stm32cube.ide.mcu.externaltools.gnu-tools-for-stm32.12.3.rel1.win32_1.1.0.202410251130/tools/bin/../lib/gcc/arm-none-eabi/12.3.1/../../../../arm-none-eabi/lib/thumb/v7-m/nofp\libc.a(libc_a-impure.o)
                0x20000050                _impure_ptr
 *fill*         0x20000054        0x4 
 .data._impure_data
                0x20000058      0x120 C:/ST/STM32CubeIDE_1.17.0/STM32CubeIDE/plugins/com.st.stm32cube.ide.mcu.externaltools.gnu-tools-for-stm32.12.3.rel1.win32_1.1.0.202410251130/tools/bin/../lib/gcc/arm-none-eabi/12.3.1/../../../../arm-none-eabi/lib/thumb/v7-m/nofp\libc.a(libc_a-impure.o)
                0x20000058                _impure_data
 .data.__atexit_recursive_mutex
                0x20000178        0x4 C:/ST/STM32CubeIDE_1.17.0/STM32CubeIDE/plugins/com.st.stm32cube.ide.mcu.externaltools.gnu-tools-for-stm32.12.3.rel1.win32_1.1.0.202410251130/tools/bin/../lib/gcc/arm-none-eabi/12.3.1/../../../../arm-none-eabi/lib/thumb/v7-m/nofp\libc.a(libc_a-__call_atexit.o)
                0x20000178                __atexit_recursive_mutex
 .data.__malloc_sbrk_base
                0x2000017c        0x4 C:/ST/STM32CubeIDE_1.17.0/STM32CubeIDE/plugins/com.st.stm32cube.ide.mcu.externaltools.gnu-tools-for-stm32.12.3.rel1.win32_1.1.0.202410251130/tools/bin/../lib/gcc/arm-none-eabi/12.3.1/../../../../arm-none-eabi/lib/thumb/v7-m/nofp\libc.a(libc_a-mallocr.o)
                0x2000017c                __malloc_sbrk_base
 .data.__malloc_trim_threshold
                0x20000180        0x4 C:/ST/STM32CubeIDE_1.17.0/STM32CubeIDE/plugins/com.st.stm32cube.ide.mcu.externaltools.gnu-tools-for-stm32.12.3.rel1.win32_1.1.0.202410251130/tools/bin/../lib/gcc/arm-none-eabi/12.3.1/../../../../arm-none-eabi/lib/thumb/v7-m/nofp\libc.a(libc_a-mallocr.o)
                0x20000180                __malloc_trim_threshold
 .data.__malloc_av_
                0x20000184      0x408 C:/ST/STM32CubeIDE_1.17.0/STM32CubeIDE/plugins/com.st.stm32cube.ide.mcu.externaltools.gnu-tools-for-stm32.12.3.rel1.win32_1.1.0.202410251130/tools/bin/../lib/gcc/arm-none-eabi/12.3.1/../../../../arm-none-eabi/lib/thumb/v7-m/nofp\libc.a(libc_a-mallocr.o)
                0x20000184                __malloc_av_
 .data.__global_locale
                0x2000058c      0x16c C:/ST/STM32CubeIDE_1.17.0/STM32CubeIDE/plugins/com.st.stm32cube.ide.mcu.externaltools.gnu-tools-for-stm32.12.3.rel1.win32_1.1.0.202410251130/tools/bin/../lib/gcc/arm-none-eabi/12.3.1/../../../../arm-none-eabi/lib/thumb/v7-m/nofp\libc.a(libc_a-locale.o)
                0x2000058c                __global_locale
 *(.RamFunc)
 *(.RamFunc*)
                0x200006f8                        . = ALIGN (0x4)
                0x200006f8                        _edata = .

.igot.plt       0x200006f8        0x0 load address 0x08009fd4
 .igot.plt      0x200006f8        0x0 C:/ST/STM32CubeIDE_1.17.0/STM32CubeIDE/plugins/com.st.stm32cube.ide.mcu.externaltools.gnu-tools-for-stm32.12.3.rel1.win32_1.1.0.202410251130/tools/bin/../lib/gcc/arm-none-eabi/12.3.1/thumb/v7-m/nofp/crtbegin.o
                0x200006f8                        . = ALIGN (0x4)

.bss            0x200006f8      0x488 load address 0x08009fd4
                0x200006f8                        _sbss = .
                0x200006f8                        __bss_start__ = _sbss
 *(.bss)
 .bss           0x200006f8       0x1c C:/ST/STM32CubeIDE_1.17.0/STM32CubeIDE/plugins/com.st.stm32cube.ide.mcu.externaltools.gnu-tools-for-stm32.12.3.rel1.win32_1.1.0.202410251130/tools/bin/../lib/gcc/arm-none-eabi/12.3.1/thumb/v7-m/nofp/crtbegin.o
 *(.bss*)
 .bss.hi2c1     0x20000714       0x54 ./Core/Src/main.o
                0x20000714                hi2c1
 .bss.htim1     0x20000768       0x48 ./Core/Src/main.o
                0x20000768                htim1
 .bss.htim2     0x200007b0       0x48 ./Core/Src/main.o
                0x200007b0                htim2
 .bss.hum1      0x200007f8        0x1 ./Core/Src/main.o
                0x200007f8                hum1
 .bss.hum2      0x200007f9        0x1 ./Core/Src/main.o
                0x200007f9                hum2
 .bss.tempC1    0x200007fa        0x1 ./Core/Src/main.o
                0x200007fa                tempC1
 .bss.tempC2    0x200007fb        0x1 ./Core/Src/main.o
                0x200007fb                tempC2
 .bss.SUM       0x200007fc        0x1 ./Core/Src/main.o
                0x200007fc                SUM
 .bss.CHECK     0x200007fd        0x1 ./Core/Src/main.o
                0x200007fd                CHECK
 *fill*         0x200007fe        0x2 
 .bss.pMillis   0x20000800        0x4 ./Core/Src/main.o
                0x20000800                pMillis
 .bss.cMillis   0x20000804        0x4 ./Core/Src/main.o
                0x20000804                cMillis
 .bss.temp_Celsius
                0x20000808        0x4 ./Core/Src/main.o
                0x20000808                temp_Celsius
 .bss.temp_Fahrenheit
                0x2000080c        0x4 ./Core/Src/main.o
                0x2000080c                temp_Fahrenheit
 .bss.Humidity  0x20000810        0x4 ./Core/Src/main.o
                0x20000810                Humidity
 .bss.hum_integral
                0x20000814        0x1 ./Core/Src/main.o
                0x20000814                hum_integral
 .bss.hum_decimal
                0x20000815        0x1 ./Core/Src/main.o
                0x20000815                hum_decimal
 .bss.tempC_integral
                0x20000816        0x1 ./Core/Src/main.o
                0x20000816                tempC_integral
 .bss.tempC_decimal
                0x20000817        0x1 ./Core/Src/main.o
                0x20000817                tempC_decimal
 .bss.tempF_integral
                0x20000818        0x1 ./Core/Src/main.o
                0x20000818                tempF_integral
 .bss.tempF_decimal
                0x20000819        0x1 ./Core/Src/main.o
                0x20000819                tempF_decimal
 *fill*         0x2000081a        0x2 
 .bss.temp_C    0x2000081c        0x4 ./Core/Src/main.o
                0x2000081c                temp_C
 .bss.string    0x20000820       0x20 ./Core/Src/main.o
                0x20000820                string
 .bss.seconds   0x20000840        0x4 ./Core/Src/main.o
                0x20000840                seconds
 .bss.incubationDay
                0x20000844        0x1 ./Core/Src/main.o
                0x20000844                incubationDay
 *fill*         0x20000845        0x3 
 .bss.buffer    0x20000848       0x20 ./Core/Src/main.o
                0x20000848                buffer
 .bss.current_menu
                0x20000868        0x1 ./Core/Src/main.o
                0x20000868                current_menu
 .bss.key       0x20000869        0x1 ./Core/Src/main.o
                0x20000869                key
 .bss.buzzer_active
                0x2000086a        0x1 ./Core/Src/main.o
 *fill*         0x2000086b        0x1 
 .bss.__sbrk_heap_end
                0x2000086c        0x4 ./Core/Src/sysmem.o
 .bss.uwTick    0x20000870        0x4 ./Drivers/STM32F1xx_HAL_Driver/Src/stm32f1xx_hal.o
                0x20000870                uwTick
 .bss.__sf      0x20000874      0x138 C:/ST/STM32CubeIDE_1.17.0/STM32CubeIDE/plugins/com.st.stm32cube.ide.mcu.externaltools.gnu-tools-for-stm32.12.3.rel1.win32_1.1.0.202410251130/tools/bin/../lib/gcc/arm-none-eabi/12.3.1/../../../../arm-none-eabi/lib/thumb/v7-m/nofp\libc.a(libc_a-findfp.o)
                0x20000874                __sf
 .bss.__stdio_exit_handler
                0x200009ac        0x4 C:/ST/STM32CubeIDE_1.17.0/STM32CubeIDE/plugins/com.st.stm32cube.ide.mcu.externaltools.gnu-tools-for-stm32.12.3.rel1.win32_1.1.0.202410251130/tools/bin/../lib/gcc/arm-none-eabi/12.3.1/../../../../arm-none-eabi/lib/thumb/v7-m/nofp\libc.a(libc_a-findfp.o)
                0x200009ac                __stdio_exit_handler
 .bss.errno     0x200009b0        0x4 C:/ST/STM32CubeIDE_1.17.0/STM32CubeIDE/plugins/com.st.stm32cube.ide.mcu.externaltools.gnu-tools-for-stm32.12.3.rel1.win32_1.1.0.202410251130/tools/bin/../lib/gcc/arm-none-eabi/12.3.1/../../../../arm-none-eabi/lib/thumb/v7-m/nofp\libc.a(libc_a-reent.o)
                0x200009b0                errno
 .bss.__lock___malloc_recursive_mutex
                0x200009b4        0x1 C:/ST/STM32CubeIDE_1.17.0/STM32CubeIDE/plugins/com.st.stm32cube.ide.mcu.externaltools.gnu-tools-for-stm32.12.3.rel1.win32_1.1.0.202410251130/tools/bin/../lib/gcc/arm-none-eabi/12.3.1/../../../../arm-none-eabi/lib/thumb/v7-m/nofp\libc.a(libc_a-lock.o)
                0x200009b4                __lock___malloc_recursive_mutex
 .bss.__lock___atexit_recursive_mutex
                0x200009b5        0x1 C:/ST/STM32CubeIDE_1.17.0/STM32CubeIDE/plugins/com.st.stm32cube.ide.mcu.externaltools.gnu-tools-for-stm32.12.3.rel1.win32_1.1.0.202410251130/tools/bin/../lib/gcc/arm-none-eabi/12.3.1/../../../../arm-none-eabi/lib/thumb/v7-m/nofp\libc.a(libc_a-lock.o)
                0x200009b5                __lock___atexit_recursive_mutex
 .bss.__lock___sfp_recursive_mutex
                0x200009b6        0x1 C:/ST/STM32CubeIDE_1.17.0/STM32CubeIDE/plugins/com.st.stm32cube.ide.mcu.externaltools.gnu-tools-for-stm32.12.3.rel1.win32_1.1.0.202410251130/tools/bin/../lib/gcc/arm-none-eabi/12.3.1/../../../../arm-none-eabi/lib/thumb/v7-m/nofp\libc.a(libc_a-lock.o)
                0x200009b6                __lock___sfp_recursive_mutex
 *fill*         0x200009b7        0x1 
 .bss.__atexit  0x200009b8        0x4 C:/ST/STM32CubeIDE_1.17.0/STM32CubeIDE/plugins/com.st.stm32cube.ide.mcu.externaltools.gnu-tools-for-stm32.12.3.rel1.win32_1.1.0.202410251130/tools/bin/../lib/gcc/arm-none-eabi/12.3.1/../../../../arm-none-eabi/lib/thumb/v7-m/nofp\libc.a(libc_a-__call_atexit.o)
                0x200009b8                __atexit
 .bss.__malloc_current_mallinfo
                0x200009bc       0x28 C:/ST/STM32CubeIDE_1.17.0/STM32CubeIDE/plugins/com.st.stm32cube.ide.mcu.externaltools.gnu-tools-for-stm32.12.3.rel1.win32_1.1.0.202410251130/tools/bin/../lib/gcc/arm-none-eabi/12.3.1/../../../../arm-none-eabi/lib/thumb/v7-m/nofp\libc.a(libc_a-mallocr.o)
                0x200009bc                __malloc_current_mallinfo
 .bss.__malloc_max_total_mem
                0x200009e4        0x4 C:/ST/STM32CubeIDE_1.17.0/STM32CubeIDE/plugins/com.st.stm32cube.ide.mcu.externaltools.gnu-tools-for-stm32.12.3.rel1.win32_1.1.0.202410251130/tools/bin/../lib/gcc/arm-none-eabi/12.3.1/../../../../arm-none-eabi/lib/thumb/v7-m/nofp\libc.a(libc_a-mallocr.o)
                0x200009e4                __malloc_max_total_mem
 .bss.__malloc_max_sbrked_mem
                0x200009e8        0x4 C:/ST/STM32CubeIDE_1.17.0/STM32CubeIDE/plugins/com.st.stm32cube.ide.mcu.externaltools.gnu-tools-for-stm32.12.3.rel1.win32_1.1.0.202410251130/tools/bin/../lib/gcc/arm-none-eabi/12.3.1/../../../../arm-none-eabi/lib/thumb/v7-m/nofp\libc.a(libc_a-mallocr.o)
                0x200009e8                __malloc_max_sbrked_mem
 .bss.__malloc_top_pad
                0x200009ec        0x4 C:/ST/STM32CubeIDE_1.17.0/STM32CubeIDE/plugins/com.st.stm32cube.ide.mcu.externaltools.gnu-tools-for-stm32.12.3.rel1.win32_1.1.0.202410251130/tools/bin/../lib/gcc/arm-none-eabi/12.3.1/../../../../arm-none-eabi/lib/thumb/v7-m/nofp\libc.a(libc_a-mallocr.o)
                0x200009ec                __malloc_top_pad
 .bss.__atexit0
                0x200009f0      0x190 C:/ST/STM32CubeIDE_1.17.0/STM32CubeIDE/plugins/com.st.stm32cube.ide.mcu.externaltools.gnu-tools-for-stm32.12.3.rel1.win32_1.1.0.202410251130/tools/bin/../lib/gcc/arm-none-eabi/12.3.1/../../../../arm-none-eabi/lib/thumb/v7-m/nofp\libc.a(libc_a-__atexit.o)
                0x200009f0                __atexit0
 *(COMMON)
                0x20000b80                        . = ALIGN (0x4)
                0x20000b80                        _ebss = .
                0x20000b80                        __bss_end__ = _ebss

._user_heap_stack
                0x20000b80      0x600 load address 0x08009fd4
                0x20000b80                        . = ALIGN (0x8)
                [!provide]                        PROVIDE (end = .)
                0x20000b80                        PROVIDE (_end = .)
                0x20000d80                        . = (. + _Min_Heap_Size)
 *fill*         0x20000b80      0x200 
                0x20001180                        . = (. + _Min_Stack_Size)
 *fill*         0x20000d80      0x400 
                0x20001180                        . = ALIGN (0x8)

/DISCARD/
 libc.a(*)
 libm.a(*)
 libgcc.a(*)

.ARM.attributes
                0x00000000       0x29
 *(.ARM.attributes)
 .ARM.attributes
                0x00000000       0x1d C:/ST/STM32CubeIDE_1.17.0/STM32CubeIDE/plugins/com.st.stm32cube.ide.mcu.externaltools.gnu-tools-for-stm32.12.3.rel1.win32_1.1.0.202410251130/tools/bin/../lib/gcc/arm-none-eabi/12.3.1/thumb/v7-m/nofp/crti.o
 .ARM.attributes
                0x0000001d       0x2d C:/ST/STM32CubeIDE_1.17.0/STM32CubeIDE/plugins/com.st.stm32cube.ide.mcu.externaltools.gnu-tools-for-stm32.12.3.rel1.win32_1.1.0.202410251130/tools/bin/../lib/gcc/arm-none-eabi/12.3.1/thumb/v7-m/nofp/crtbegin.o
 .ARM.attributes
                0x0000004a       0x2d ./Core/Src/i2c-lcd.o
 .ARM.attributes
                0x00000077       0x2d ./Core/Src/keyboardMatrix.o
 .ARM.attributes
                0x000000a4       0x2d ./Core/Src/main.o
 .ARM.attributes
                0x000000d1       0x2d ./Core/Src/stm32f1xx_hal_msp.o
 .ARM.attributes
                0x000000fe       0x2d ./Core/Src/stm32f1xx_it.o
 .ARM.attributes
                0x0000012b       0x2d ./Core/Src/syscalls.o
 .ARM.attributes
                0x00000158       0x2d ./Core/Src/sysmem.o
 .ARM.attributes
                0x00000185       0x2d ./Core/Src/system_stm32f1xx.o
 .ARM.attributes
                0x000001b2       0x21 ./Core/Startup/startup_stm32f103rctx.o
 .ARM.attributes
                0x000001d3       0x2d ./Drivers/STM32F1xx_HAL_Driver/Src/stm32f1xx_hal.o
 .ARM.attributes
                0x00000200       0x2d ./Drivers/STM32F1xx_HAL_Driver/Src/stm32f1xx_hal_cortex.o
 .ARM.attributes
                0x0000022d       0x2d ./Drivers/STM32F1xx_HAL_Driver/Src/stm32f1xx_hal_gpio.o
 .ARM.attributes
                0x0000025a       0x2d ./Drivers/STM32F1xx_HAL_Driver/Src/stm32f1xx_hal_i2c.o
 .ARM.attributes
                0x00000287       0x2d ./Drivers/STM32F1xx_HAL_Driver/Src/stm32f1xx_hal_rcc.o
 .ARM.attributes
                0x000002b4       0x2d ./Drivers/STM32F1xx_HAL_Driver/Src/stm32f1xx_hal_tim.o
 .ARM.attributes
                0x000002e1       0x2d ./Drivers/STM32F1xx_HAL_Driver/Src/stm32f1xx_hal_tim_ex.o
 .ARM.attributes
                0x0000030e       0x2d C:/ST/STM32CubeIDE_1.17.0/STM32CubeIDE/plugins/com.st.stm32cube.ide.mcu.externaltools.gnu-tools-for-stm32.12.3.rel1.win32_1.1.0.202410251130/tools/bin/../lib/gcc/arm-none-eabi/12.3.1/../../../../arm-none-eabi/lib/thumb/v7-m/nofp\libc.a(libc_a-findfp.o)
 .ARM.attributes
                0x0000033b       0x2d C:/ST/STM32CubeIDE_1.17.0/STM32CubeIDE/plugins/com.st.stm32cube.ide.mcu.externaltools.gnu-tools-for-stm32.12.3.rel1.win32_1.1.0.202410251130/tools/bin/../lib/gcc/arm-none-eabi/12.3.1/../../../../arm-none-eabi/lib/thumb/v7-m/nofp\libc.a(libc_a-fwalk.o)
 .ARM.attributes
                0x00000368       0x2d C:/ST/STM32CubeIDE_1.17.0/STM32CubeIDE/plugins/com.st.stm32cube.ide.mcu.externaltools.gnu-tools-for-stm32.12.3.rel1.win32_1.1.0.202410251130/tools/bin/../lib/gcc/arm-none-eabi/12.3.1/../../../../arm-none-eabi/lib/thumb/v7-m/nofp\libc.a(libc_a-sprintf.o)
 .ARM.attributes
                0x00000395       0x2d C:/ST/STM32CubeIDE_1.17.0/STM32CubeIDE/plugins/com.st.stm32cube.ide.mcu.externaltools.gnu-tools-for-stm32.12.3.rel1.win32_1.1.0.202410251130/tools/bin/../lib/gcc/arm-none-eabi/12.3.1/../../../../arm-none-eabi/lib/thumb/v7-m/nofp\libc.a(libc_a-stdio.o)
 .ARM.attributes
                0x000003c2       0x2d C:/ST/STM32CubeIDE_1.17.0/STM32CubeIDE/plugins/com.st.stm32cube.ide.mcu.externaltools.gnu-tools-for-stm32.12.3.rel1.win32_1.1.0.202410251130/tools/bin/../lib/gcc/arm-none-eabi/12.3.1/../../../../arm-none-eabi/lib/thumb/v7-m/nofp\libc.a(libc_a-memset.o)
 .ARM.attributes
                0x000003ef       0x2d C:/ST/STM32CubeIDE_1.17.0/STM32CubeIDE/plugins/com.st.stm32cube.ide.mcu.externaltools.gnu-tools-for-stm32.12.3.rel1.win32_1.1.0.202410251130/tools/bin/../lib/gcc/arm-none-eabi/12.3.1/../../../../arm-none-eabi/lib/thumb/v7-m/nofp\libc.a(libc_a-closer.o)
 .ARM.attributes
                0x0000041c       0x2d C:/ST/STM32CubeIDE_1.17.0/STM32CubeIDE/plugins/com.st.stm32cube.ide.mcu.externaltools.gnu-tools-for-stm32.12.3.rel1.win32_1.1.0.202410251130/tools/bin/../lib/gcc/arm-none-eabi/12.3.1/../../../../arm-none-eabi/lib/thumb/v7-m/nofp\libc.a(libc_a-reent.o)
 .ARM.attributes
                0x00000449       0x2d C:/ST/STM32CubeIDE_1.17.0/STM32CubeIDE/plugins/com.st.stm32cube.ide.mcu.externaltools.gnu-tools-for-stm32.12.3.rel1.win32_1.1.0.202410251130/tools/bin/../lib/gcc/arm-none-eabi/12.3.1/../../../../arm-none-eabi/lib/thumb/v7-m/nofp\libc.a(libc_a-impure.o)
 .ARM.attributes
                0x00000476       0x2d C:/ST/STM32CubeIDE_1.17.0/STM32CubeIDE/plugins/com.st.stm32cube.ide.mcu.externaltools.gnu-tools-for-stm32.12.3.rel1.win32_1.1.0.202410251130/tools/bin/../lib/gcc/arm-none-eabi/12.3.1/../../../../arm-none-eabi/lib/thumb/v7-m/nofp\libc.a(libc_a-lseekr.o)
 .ARM.attributes
                0x000004a3       0x2d C:/ST/STM32CubeIDE_1.17.0/STM32CubeIDE/plugins/com.st.stm32cube.ide.mcu.externaltools.gnu-tools-for-stm32.12.3.rel1.win32_1.1.0.202410251130/tools/bin/../lib/gcc/arm-none-eabi/12.3.1/../../../../arm-none-eabi/lib/thumb/v7-m/nofp\libc.a(libc_a-readr.o)
 .ARM.attributes
                0x000004d0       0x2d C:/ST/STM32CubeIDE_1.17.0/STM32CubeIDE/plugins/com.st.stm32cube.ide.mcu.externaltools.gnu-tools-for-stm32.12.3.rel1.win32_1.1.0.202410251130/tools/bin/../lib/gcc/arm-none-eabi/12.3.1/../../../../arm-none-eabi/lib/thumb/v7-m/nofp\libc.a(libc_a-writer.o)
 .ARM.attributes
                0x000004fd       0x2d C:/ST/STM32CubeIDE_1.17.0/STM32CubeIDE/plugins/com.st.stm32cube.ide.mcu.externaltools.gnu-tools-for-stm32.12.3.rel1.win32_1.1.0.202410251130/tools/bin/../lib/gcc/arm-none-eabi/12.3.1/../../../../arm-none-eabi/lib/thumb/v7-m/nofp\libc.a(libc_a-errno.o)
 .ARM.attributes
                0x0000052a       0x2d C:/ST/STM32CubeIDE_1.17.0/STM32CubeIDE/plugins/com.st.stm32cube.ide.mcu.externaltools.gnu-tools-for-stm32.12.3.rel1.win32_1.1.0.202410251130/tools/bin/../lib/gcc/arm-none-eabi/12.3.1/../../../../arm-none-eabi/lib/thumb/v7-m/nofp\libc.a(libc_a-init.o)
 .ARM.attributes
                0x00000557       0x2d C:/ST/STM32CubeIDE_1.17.0/STM32CubeIDE/plugins/com.st.stm32cube.ide.mcu.externaltools.gnu-tools-for-stm32.12.3.rel1.win32_1.1.0.202410251130/tools/bin/../lib/gcc/arm-none-eabi/12.3.1/../../../../arm-none-eabi/lib/thumb/v7-m/nofp\libc.a(libc_a-lock.o)
 .ARM.attributes
                0x00000584       0x2d C:/ST/STM32CubeIDE_1.17.0/STM32CubeIDE/plugins/com.st.stm32cube.ide.mcu.externaltools.gnu-tools-for-stm32.12.3.rel1.win32_1.1.0.202410251130/tools/bin/../lib/gcc/arm-none-eabi/12.3.1/../../../../arm-none-eabi/lib/thumb/v7-m/nofp\libc.a(libc_a-__call_atexit.o)
 .ARM.attributes
                0x000005b1       0x2d C:/ST/STM32CubeIDE_1.17.0/STM32CubeIDE/plugins/com.st.stm32cube.ide.mcu.externaltools.gnu-tools-for-stm32.12.3.rel1.win32_1.1.0.202410251130/tools/bin/../lib/gcc/arm-none-eabi/12.3.1/../../../../arm-none-eabi/lib/thumb/v7-m/nofp\libc.a(libc_a-atexit.o)
 .ARM.attributes
                0x000005de       0x2d C:/ST/STM32CubeIDE_1.17.0/STM32CubeIDE/plugins/com.st.stm32cube.ide.mcu.externaltools.gnu-tools-for-stm32.12.3.rel1.win32_1.1.0.202410251130/tools/bin/../lib/gcc/arm-none-eabi/12.3.1/../../../../arm-none-eabi/lib/thumb/v7-m/nofp\libc.a(libc_a-freer.o)
 .ARM.attributes
                0x0000060b       0x2d C:/ST/STM32CubeIDE_1.17.0/STM32CubeIDE/plugins/com.st.stm32cube.ide.mcu.externaltools.gnu-tools-for-stm32.12.3.rel1.win32_1.1.0.202410251130/tools/bin/../lib/gcc/arm-none-eabi/12.3.1/../../../../arm-none-eabi/lib/thumb/v7-m/nofp\libc.a(libc_a-mallocr.o)
 .ARM.attributes